Archive member included to satisfy reference by file (symbol)

/home/kirk/dev/riscv/riscv64-unknown-elf-gcc-8.3.0-2019.08.0-x86_64-linux-ubuntu14/bin/../lib/gcc/riscv64-unknown-elf/8.3.0/../../../../riscv64-unknown-elf/lib/rv32imac/ilp32/libc_nano.a(lib_a-putchar.o)
                              /tmp/cc8Qkwxp.o (putchar)
/home/kirk/dev/riscv/riscv64-unknown-elf-gcc-8.3.0-2019.08.0-x86_64-linux-ubuntu14/bin/../lib/gcc/riscv64-unknown-elf/8.3.0/../../../../riscv64-unknown-elf/lib/rv32imac/ilp32/libc_nano.a(lib_a-putc.o)
                              /home/kirk/dev/riscv/riscv64-unknown-elf-gcc-8.3.0-2019.08.0-x86_64-linux-ubuntu14/bin/../lib/gcc/riscv64-unknown-elf/8.3.0/../../../../riscv64-unknown-elf/lib/rv32imac/ilp32/libc_nano.a(lib_a-putchar.o) (_putc_r)
/home/kirk/dev/riscv/riscv64-unknown-elf-gcc-8.3.0-2019.08.0-x86_64-linux-ubuntu14/bin/../lib/gcc/riscv64-unknown-elf/8.3.0/../../../../riscv64-unknown-elf/lib/rv32imac/ilp32/libc_nano.a(lib_a-puts.o)
                              /tmp/cc8Qkwxp.o (puts)
/home/kirk/dev/riscv/riscv64-unknown-elf-gcc-8.3.0-2019.08.0-x86_64-linux-ubuntu14/bin/../lib/gcc/riscv64-unknown-elf/8.3.0/../../../../riscv64-unknown-elf/lib/rv32imac/ilp32/libc_nano.a(lib_a-wbuf.o)
                              /home/kirk/dev/riscv/riscv64-unknown-elf-gcc-8.3.0-2019.08.0-x86_64-linux-ubuntu14/bin/../lib/gcc/riscv64-unknown-elf/8.3.0/../../../../riscv64-unknown-elf/lib/rv32imac/ilp32/libc_nano.a(lib_a-putc.o) (__swbuf_r)
/home/kirk/dev/riscv/riscv64-unknown-elf-gcc-8.3.0-2019.08.0-x86_64-linux-ubuntu14/bin/../lib/gcc/riscv64-unknown-elf/8.3.0/../../../../riscv64-unknown-elf/lib/rv32imac/ilp32/libc_nano.a(lib_a-wsetup.o)
                              /home/kirk/dev/riscv/riscv64-unknown-elf-gcc-8.3.0-2019.08.0-x86_64-linux-ubuntu14/bin/../lib/gcc/riscv64-unknown-elf/8.3.0/../../../../riscv64-unknown-elf/lib/rv32imac/ilp32/libc_nano.a(lib_a-puts.o) (__swsetup_r)
/home/kirk/dev/riscv/riscv64-unknown-elf-gcc-8.3.0-2019.08.0-x86_64-linux-ubuntu14/bin/../lib/gcc/riscv64-unknown-elf/8.3.0/../../../../riscv64-unknown-elf/lib/rv32imac/ilp32/libc_nano.a(lib_a-fflush.o)
                              /home/kirk/dev/riscv/riscv64-unknown-elf-gcc-8.3.0-2019.08.0-x86_64-linux-ubuntu14/bin/../lib/gcc/riscv64-unknown-elf/8.3.0/../../../../riscv64-unknown-elf/lib/rv32imac/ilp32/libc_nano.a(lib_a-wbuf.o) (_fflush_r)
/home/kirk/dev/riscv/riscv64-unknown-elf-gcc-8.3.0-2019.08.0-x86_64-linux-ubuntu14/bin/../lib/gcc/riscv64-unknown-elf/8.3.0/../../../../riscv64-unknown-elf/lib/rv32imac/ilp32/libc_nano.a(lib_a-findfp.o)
                              /home/kirk/dev/riscv/riscv64-unknown-elf-gcc-8.3.0-2019.08.0-x86_64-linux-ubuntu14/bin/../lib/gcc/riscv64-unknown-elf/8.3.0/../../../../riscv64-unknown-elf/lib/rv32imac/ilp32/libc_nano.a(lib_a-putchar.o) (__sinit)
/home/kirk/dev/riscv/riscv64-unknown-elf-gcc-8.3.0-2019.08.0-x86_64-linux-ubuntu14/bin/../lib/gcc/riscv64-unknown-elf/8.3.0/../../../../riscv64-unknown-elf/lib/rv32imac/ilp32/libc_nano.a(lib_a-fwalk.o)
                              /home/kirk/dev/riscv/riscv64-unknown-elf-gcc-8.3.0-2019.08.0-x86_64-linux-ubuntu14/bin/../lib/gcc/riscv64-unknown-elf/8.3.0/../../../../riscv64-unknown-elf/lib/rv32imac/ilp32/libc_nano.a(lib_a-findfp.o) (_fwalk)
/home/kirk/dev/riscv/riscv64-unknown-elf-gcc-8.3.0-2019.08.0-x86_64-linux-ubuntu14/bin/../lib/gcc/riscv64-unknown-elf/8.3.0/../../../../riscv64-unknown-elf/lib/rv32imac/ilp32/libc_nano.a(lib_a-impure.o)
                              /home/kirk/dev/riscv/riscv64-unknown-elf-gcc-8.3.0-2019.08.0-x86_64-linux-ubuntu14/bin/../lib/gcc/riscv64-unknown-elf/8.3.0/../../../../riscv64-unknown-elf/lib/rv32imac/ilp32/libc_nano.a(lib_a-fflush.o) (_global_impure_ptr)
/home/kirk/dev/riscv/riscv64-unknown-elf-gcc-8.3.0-2019.08.0-x86_64-linux-ubuntu14/bin/../lib/gcc/riscv64-unknown-elf/8.3.0/../../../../riscv64-unknown-elf/lib/rv32imac/ilp32/libc_nano.a(lib_a-makebuf.o)
                              /home/kirk/dev/riscv/riscv64-unknown-elf-gcc-8.3.0-2019.08.0-x86_64-linux-ubuntu14/bin/../lib/gcc/riscv64-unknown-elf/8.3.0/../../../../riscv64-unknown-elf/lib/rv32imac/ilp32/libc_nano.a(lib_a-wsetup.o) (__smakebuf_r)
/home/kirk/dev/riscv/riscv64-unknown-elf-gcc-8.3.0-2019.08.0-x86_64-linux-ubuntu14/bin/../lib/gcc/riscv64-unknown-elf/8.3.0/../../../../riscv64-unknown-elf/lib/rv32imac/ilp32/libc_nano.a(lib_a-memset.o)
                              /home/kirk/dev/riscv/riscv64-unknown-elf-gcc-8.3.0-2019.08.0-x86_64-linux-ubuntu14/bin/../lib/gcc/riscv64-unknown-elf/8.3.0/../../../../riscv64-unknown-elf/lib/rv32imac/ilp32/libc_nano.a(lib_a-findfp.o) (memset)
/home/kirk/dev/riscv/riscv64-unknown-elf-gcc-8.3.0-2019.08.0-x86_64-linux-ubuntu14/bin/../lib/gcc/riscv64-unknown-elf/8.3.0/../../../../riscv64-unknown-elf/lib/rv32imac/ilp32/libc_nano.a(lib_a-nano-freer.o)
[...]
Memory Configuration

Name             Origin             Length             Attributes
flash            0x0000000020010000 0x000000000006a120 axrl !w
itim             0x0000000008000000 0x0000000000002000 xw !arl
ram              0x0000000080000000 0x0000000000004000 axw !rl
*default*        0x0000000000000000 0xffffffffffffffff

Linker script and memory map

LOAD /tmp/cc8Qkwxp.o
START GROUP
LOAD /home/kirk/dev/riscv/riscv64-unknown-elf-gcc-8.3.0-2019.08.0-x86_64-linux-ubuntu14/bin/../lib/gcc/riscv64-unknown-elf/8.3.0/../../../../riscv64-unknown-elf/lib/rv32imac/ilp32/libc_nano.a
LOAD /home/kirk/dev/riscv/riscv64-unknown-elf-gcc-8.3.0-2019.08.0-x86_64-linux-ubuntu14/bin/../lib/gcc/riscv64-unknown-elf/8.3.0/rv32imac/ilp32/libgcc.a
LOAD /home/kirk/dev/riscv/riscv64-unknown-elf-gcc-8.3.0-2019.08.0-x86_64-linux-ubuntu14/bin/../lib/gcc/riscv64-unknown-elf/8.3.0/../../../../riscv64-unknown-elf/lib/rv32imac/ilp32/libm.a
LOAD /home/kirk/dev/riscv/freedom-e-sdk/bsp/sparkfun-redv/install/lib/release//libmetal.a
LOAD /home/kirk/dev/riscv/freedom-e-sdk/bsp/sparkfun-redv/install/lib/release//libmetal-gloss.a
END GROUP
                0x0000000000000400                __stack_size = DEFINED (__stack_size)?__stack_size:0x400
                [!provide]                        PROVIDE (__stack_size = __stack_size)
                0x0000000000000800                __heap_size = DEFINED (__heap_size)?__heap_size:0x800
                0x0000000000000000                PROVIDE (__metal_boot_hart = 0x0)
                0x0000000000000000                PROVIDE (__metal_chicken_bit = 0x0)

.init           0x0000000020010000      0x188
 *(.text.metal.init.enter)
 .text.metal.init.enter
                0x0000000020010000       0x60 /home/kirk/dev/riscv/freedom-e-sdk/bsp/sparkfun-redv/install/lib/release//libmetal.a(libriscv__mmachine__sparkfun-redv_a-entry.o)
                0x0000000020010000                _enter
 *(.text.metal.init.*)
 *fill*         0x0000000020010060        0x0 
 .text.metal.init.trapvec
                0x0000000020010060        0xe /home/kirk/dev/riscv/freedom-e-sdk/bsp/sparkfun-redv/install/lib/release//libmetal.a(libriscv__mmachine__sparkfun-redv_a-entry.o)
 .text.metal.init.__register_frame_info
                0x000000002001006e        0x2 /home/kirk/dev/riscv/freedom-e-sdk/bsp/sparkfun-redv/install/lib/release//libmetal.a(libriscv__mmachine__sparkfun-redv_a-entry.o)
                0x000000002001006e                __register_frame_info
 *(SORT_NONE(.init))
 .init          0x0000000020010070        0x2 /home/kirk/dev/riscv/freedom-e-sdk/bsp/sparkfun-redv/install/lib/release//libmetal.a(libriscv__mmachine__sparkfun-redv_a-synchronize_harts.o)
                0x0000000020010070                __metal_synchronize_harts
 *(.text.libgloss.start)
 .text.libgloss.start
                0x0000000020010072      0x116 /home/kirk/dev/riscv/freedom-e-sdk/bsp/sparkfun-redv/install/lib/release//libmetal-gloss.a(crt0.o)
                0x0000000020010072                _start
                0x0000000020010168                _init
                0x0000000020010168                _fini
                0x000000002001016a                secondary_main

.fini
 *(SORT_NONE(.fini))

.text           0x0000000020010200     0x3132
 *(.text.unlikely .text.unlikely.*)
 *(.text.startup .text.startup.*)
 .text.startup.main
                0x0000000020010200       0xfc /tmp/cc8Qkwxp.o
                0x0000000020010200                main
 .text.startup.metal_sifive_fe310_g000_pll_init
                0x00000000200102fc        0xc /home/kirk/dev/riscv/freedom-e-sdk/bsp/sparkfun-redv/install/lib/release//libmetal.a(libriscv__mmachine__sparkfun-redv_a-sifive_fe310-g000_pll.o)
 .text.startup.use_hfxosc
                0x0000000020010308       0x14 /home/kirk/dev/riscv/freedom-e-sdk/bsp/sparkfun-redv/install/lib/release//libmetal.a(libriscv__mmachine__sparkfun-redv_a-sifive_fe310-g000_pll.o)
 .text.startup.metal_tty_init
                0x000000002001031c       0x12 /home/kirk/dev/riscv/freedom-e-sdk/bsp/sparkfun-redv/install/lib/release//libmetal.a(libriscv__mmachine__sparkfun-redv_a-tty.o)
 *(.text .text.*)
 .text.timer_isr
                0x000000002001032e       0x1c /tmp/cc8Qkwxp.o
                0x000000002001032e                timer_isr
 .text.display_banner
                0x000000002001034a       0xe2 /tmp/cc8Qkwxp.o
                0x000000002001034a                display_banner
 .text.wait_for_timer
                0x000000002001042c       0x64 /tmp/cc8Qkwxp.o
                0x000000002001042c                wait_for_timer
 .text.putchar  0x0000000020010490       0x2c /home/kirk/dev/riscv/riscv64-unknown-elf-gcc-8.3.0-2019.08.0-x86_64-linux-ubuntu14/bin/../lib/gcc/riscv64-unknown-elf/8.3.0/../../../../riscv64-unknown-elf/lib/rv32imac/ilp32/libc_nano.a(lib_a-putchar.o)
                0x0000000020010490                putchar
 .text._putc_r  0x00000000200104bc       0x82 /home/kirk/dev/riscv/riscv64-unknown-elf-gcc-8.3.0-2019.08.0-x86_64-linux-ubuntu14/bin/../lib/gcc/riscv64-unknown-elf/8.3.0/../../../../riscv64-unknown-elf/lib/rv32imac/ilp32/libc_nano.a(lib_a-putc.o)
                0x00000000200104bc                _putc_r
 .text._puts_r  0x000000002001053e       0xda /home/kirk/dev/riscv/riscv64-unknown-elf-gcc-8.3.0-2019.08.0-x86_64-linux-ubuntu14/bin/../lib/gcc/riscv64-unknown-elf/8.3.0/../../../../riscv64-unknown-elf/lib/rv32imac/ilp32/libc_nano.a(lib_a-puts.o)
                0x000000002001053e                _puts_r
 .text.puts     0x0000000020010618        0xe /home/kirk/dev/riscv/riscv64-unknown-elf-gcc-8.3.0-2019.08.0-x86_64-linux-ubuntu14/bin/../lib/gcc/riscv64-unknown-elf/8.3.0/../../../../riscv64-unknown-elf/lib/rv32imac/ilp32/libc_nano.a(lib_a-puts.o)
                0x0000000020010618                puts
 .text.__swbuf_r
                0x0000000020010626       0xc0 /home/kirk/dev/riscv/riscv64-unknown-elf-gcc-8.3.0-2019.08.0-x86_64-linux-ubuntu14/bin/../lib/gcc/riscv64-unknown-elf/8.3.0/../../../../riscv64-unknown-elf/lib/rv32imac/ilp32/libc_nano.a(lib_a-wbuf.o)
                0x0000000020010626                __swbuf_r
 .text.__swsetup_r
                0x00000000200106e6      0x110 /home/kirk/dev/riscv/riscv64-unknown-elf-gcc-8.3.0-2019.08.0-x86_64-linux-ubuntu14/bin/../lib/gcc/riscv64-unknown-elf/8.3.0/../../../../riscv64-unknown-elf/lib/rv32imac/ilp32/libc_nano.a(lib_a-wsetup.o)
                0x00000000200106e6                __swsetup_r
 .text.__sflush_r
                0x00000000200107f6      0x14a /home/kirk/dev/riscv/riscv64-unknown-elf-gcc-8.3.0-2019.08.0-x86_64-linux-ubuntu14/bin/../lib/gcc/riscv64-unknown-elf/8.3.0/../../../../riscv64-unknown-elf/lib/rv32imac/ilp32/libc_nano.a(lib_a-fflush.o)
                0x00000000200107f6                __sflush_r
 .text._fflush_r
                0x0000000020010940       0x64 /home/kirk/dev/riscv/riscv64-unknown-elf-gcc-8.3.0-2019.08.0-x86_64-linux-ubuntu14/bin/../lib/gcc/riscv64-unknown-elf/8.3.0/../../../../riscv64-unknown-elf/lib/rv32imac/ilp32/libc_nano.a(lib_a-fflush.o)
                0x0000000020010940                _fflush_r
 .text.std      0x00000000200109a4       0x68 /home/kirk/dev/riscv/riscv64-unknown-elf-gcc-8.3.0-2019.08.0-x86_64-linux-ubuntu14/bin/../lib/gcc/riscv64-unknown-elf/8.3.0/../../../../riscv64-unknown-elf/lib/rv32imac/ilp32/libc_nano.a(lib_a-findfp.o)
 .text._cleanup_r
                0x0000000020010a0c        0xa /home/kirk/dev/riscv/riscv64-unknown-elf-gcc-8.3.0-2019.08.0-x86_64-linux-ubuntu14/bin/../lib/gcc/riscv64-unknown-elf/8.3.0/../../../../riscv64-unknown-elf/lib/rv32imac/ilp32/libc_nano.a(lib_a-findfp.o)
                0x0000000020010a0c                _cleanup_r
 .text.__sfmoreglue
                0x0000000020010a16       0x44 /home/kirk/dev/riscv/riscv64-unknown-elf-gcc-8.3.0-2019.08.0-x86_64-linux-ubuntu14/bin/../lib/gcc/riscv64-unknown-elf/8.3.0/../../../../riscv64-unknown-elf/lib/rv32imac/ilp32/libc_nano.a(lib_a-findfp.o)
                0x0000000020010a16                __sfmoreglue
 .text.__sinit  0x0000000020010a5a       0x6a /home/kirk/dev/riscv/riscv64-unknown-elf-gcc-8.3.0-2019.08.0-x86_64-linux-ubuntu14/bin/../lib/gcc/riscv64-unknown-elf/8.3.0/../../../../riscv64-unknown-elf/lib/rv32imac/ilp32/libc_nano.a(lib_a-findfp.o)
                0x0000000020010a5a                __sinit
 .text.__sfp    0x0000000020010ac4       0x9e /home/kirk/dev/riscv/riscv64-unknown-elf-gcc-8.3.0-2019.08.0-x86_64-linux-ubuntu14/bin/../lib/gcc/riscv64-unknown-elf/8.3.0/../../../../riscv64-unknown-elf/lib/rv32imac/ilp32/libc_nano.a(lib_a-findfp.o)
                0x0000000020010ac4                __sfp
 .text._fwalk_reent
                0x0000000020010b62       0x6c /home/kirk/dev/riscv/riscv64-unknown-elf-gcc-8.3.0-2019.08.0-x86_64-linux-ubuntu14/bin/../lib/gcc/riscv64-unknown-elf/8.3.0/../../../../riscv64-unknown-elf/lib/rv32imac/ilp32/libc_nano.a(lib_a-fwalk.o)
                0x0000000020010b62                _fwalk_reent
 .text.__swhatbuf_r
                0x0000000020010bce       0x58 /home/kirk/dev/riscv/riscv64-unknown-elf-gcc-8.3.0-2019.08.0-x86_64-linux-ubuntu14/bin/../lib/gcc/riscv64-unknown-elf/8.3.0/../../../../riscv64-unknown-elf/lib/rv32imac/ilp32/libc_nano.a(lib_a-makebuf.o)
                0x0000000020010bce                __swhatbuf_r
 .text.__smakebuf_r
                0x0000000020010c26       0x9c /home/kirk/dev/riscv/riscv64-unknown-elf-gcc-8.3.0-2019.08.0-x86_64-linux-ubuntu14/bin/../lib/gcc/riscv64-unknown-elf/8.3.0/../../../../riscv64-unknown-elf/lib/rv32imac/ilp32/libc_nano.a(lib_a-makebuf.o)
                0x0000000020010c26                __smakebuf_r
 .text          0x0000000020010cc2       0xa8 /home/kirk/dev/riscv/riscv64-unknown-elf-gcc-8.3.0-2019.08.0-x86_64-linux-ubuntu14/bin/../lib/gcc/riscv64-unknown-elf/8.3.0/../../../../riscv64-unknown-elf/lib/rv32imac/ilp32/libc_nano.a(lib_a-memset.o)
                0x0000000020010cc2                memset
 .text._free_r  0x0000000020010d6a       0xac /home/kirk/dev/riscv/riscv64-unknown-elf-gcc-8.3.0-2019.08.0-x86_64-linux-ubuntu14/bin/../lib/gcc/riscv64-unknown-elf/8.3.0/../../../../riscv64-unknown-elf/lib/rv32imac/ilp32/libc_nano.a(lib_a-nano-freer.o)
                0x0000000020010d6a                _free_r
 .text._malloc_r
                0x0000000020010e16       0xde /home/kirk/dev/riscv/riscv64-unknown-elf-gcc-8.3.0-2019.08.0-x86_64-linux-ubuntu14/bin/../lib/gcc/riscv64-unknown-elf/8.3.0/../../../../riscv64-unknown-elf/lib/rv32imac/ilp32/libc_nano.a(lib_a-nano-mallocr.o)
                0x0000000020010e16                _malloc_r
 .text._sbrk_r  0x0000000020010ef4       0x2a /home/kirk/dev/riscv/riscv64-unknown-elf-gcc-8.3.0-2019.08.0-x86_64-linux-ubuntu14/bin/../lib/gcc/riscv64-unknown-elf/8.3.0/../../../../riscv64-unknown-elf/lib/rv32imac/ilp32/libc_nano.a(lib_a-sbrkr.o)
                0x0000000020010ef4                _sbrk_r
 .text.__sread  0x0000000020010f1e       0x30 /home/kirk/dev/riscv/riscv64-unknown-elf-gcc-8.3.0-2019.08.0-x86_64-linux-ubuntu14/bin/../lib/gcc/riscv64-unknown-elf/8.3.0/../../../../riscv64-unknown-elf/lib/rv32imac/ilp32/libc_nano.a(lib_a-stdio.o)
                0x0000000020010f1e                __sread
 .text.__swrite
                0x0000000020010f4e       0x4e /home/kirk/dev/riscv/riscv64-unknown-elf-gcc-8.3.0-2019.08.0-x86_64-linux-ubuntu14/bin/../lib/gcc/riscv64-unknown-elf/8.3.0/../../../../riscv64-unknown-elf/lib/rv32imac/ilp32/libc_nano.a(lib_a-stdio.o)
                0x0000000020010f4e                __swrite
 .text.__sseek  0x0000000020010f9c       0x36 /home/kirk/dev/riscv/riscv64-unknown-elf-gcc-8.3.0-2019.08.0-x86_64-linux-ubuntu14/bin/../lib/gcc/riscv64-unknown-elf/8.3.0/../../../../riscv64-unknown-elf/lib/rv32imac/ilp32/libc_nano.a(lib_a-stdio.o)
                0x0000000020010f9c                __sseek
 .text.__sclose
                0x0000000020010fd2        0x6 /home/kirk/dev/riscv/riscv64-unknown-elf-gcc-8.3.0-2019.08.0-x86_64-linux-ubuntu14/bin/../lib/gcc/riscv64-unknown-elf/8.3.0/../../../../riscv64-unknown-elf/lib/rv32imac/ilp32/libc_nano.a(lib_a-stdio.o)
                0x0000000020010fd2                __sclose
 .text._write_r
                0x0000000020010fd8       0x2e /home/kirk/dev/riscv/riscv64-unknown-elf-gcc-8.3.0-2019.08.0-x86_64-linux-ubuntu14/bin/../lib/gcc/riscv64-unknown-elf/8.3.0/../../../../riscv64-unknown-elf/lib/rv32imac/ilp32/libc_nano.a(lib_a-writer.o)
                0x0000000020010fd8                _write_r
 .text._close_r
                0x0000000020011006       0x2a /home/kirk/dev/riscv/riscv64-unknown-elf-gcc-8.3.0-2019.08.0-x86_64-linux-ubuntu14/bin/../lib/gcc/riscv64-unknown-elf/8.3.0/../../../../riscv64-unknown-elf/lib/rv32imac/ilp32/libc_nano.a(lib_a-closer.o)
                0x0000000020011006                _close_r
 .text._fstat_r
                0x0000000020011030       0x2c /home/kirk/dev/riscv/riscv64-unknown-elf-gcc-8.3.0-2019.08.0-x86_64-linux-ubuntu14/bin/../lib/gcc/riscv64-unknown-elf/8.3.0/../../../../riscv64-unknown-elf/lib/rv32imac/ilp32/libc_nano.a(lib_a-fstatr.o)
                0x0000000020011030                _fstat_r
 .text._isatty_r
                0x000000002001105c       0x2a /home/kirk/dev/riscv/riscv64-unknown-elf-gcc-8.3.0-2019.08.0-x86_64-linux-ubuntu14/bin/../lib/gcc/riscv64-unknown-elf/8.3.0/../../../../riscv64-unknown-elf/lib/rv32imac/ilp32/libc_nano.a(lib_a-isattyr.o)
                0x000000002001105c                _isatty_r
 .text._lseek_r
                0x0000000020011086       0x2e /home/kirk/dev/riscv/riscv64-unknown-elf-gcc-8.3.0-2019.08.0-x86_64-linux-ubuntu14/bin/../lib/gcc/riscv64-unknown-elf/8.3.0/../../../../riscv64-unknown-elf/lib/rv32imac/ilp32/libc_nano.a(lib_a-lseekr.o)
                0x0000000020011086                _lseek_r
 .text.__malloc_lock
                0x00000000200110b4        0x2 /home/kirk/dev/riscv/riscv64-unknown-elf-gcc-8.3.0-2019.08.0-x86_64-linux-ubuntu14/bin/../lib/gcc/riscv64-unknown-elf/8.3.0/../../../../riscv64-unknown-elf/lib/rv32imac/ilp32/libc_nano.a(lib_a-mlock.o)
                0x00000000200110b4                __malloc_lock
 .text.__malloc_unlock
                0x00000000200110b6        0x2 /home/kirk/dev/riscv/riscv64-unknown-elf-gcc-8.3.0-2019.08.0-x86_64-linux-ubuntu14/bin/../lib/gcc/riscv64-unknown-elf/8.3.0/../../../../riscv64-unknown-elf/lib/rv32imac/ilp32/libc_nano.a(lib_a-mlock.o)
                0x00000000200110b6                __malloc_unlock
 .text._read_r  0x00000000200110b8       0x2e /home/kirk/dev/riscv/riscv64-unknown-elf-gcc-8.3.0-2019.08.0-x86_64-linux-ubuntu14/bin/../lib/gcc/riscv64-unknown-elf/8.3.0/../../../../riscv64-unknown-elf/lib/rv32imac/ilp32/libc_nano.a(lib_a-readr.o)
                0x00000000200110b8                _read_r
 .text.metal_cpu_get_mtime
                0x00000000200110e6        0x8 /home/kirk/dev/riscv/freedom-e-sdk/bsp/sparkfun-redv/install/lib/release//libmetal.a(libriscv__mmachine__sparkfun-redv_a-cpu.o)
                0x00000000200110e6                metal_cpu_get_mtime
 .text.metal_cpu_set_mtimecmp
                0x00000000200110ee        0x8 /home/kirk/dev/riscv/freedom-e-sdk/bsp/sparkfun-redv/install/lib/release//libmetal.a(libriscv__mmachine__sparkfun-redv_a-cpu.o)
                0x00000000200110ee                metal_cpu_set_mtimecmp
 .text.metal_cpu_timer_interrupt_controller
                0x00000000200110f6        0x8 /home/kirk/dev/riscv/freedom-e-sdk/bsp/sparkfun-redv/install/lib/release//libmetal.a(libriscv__mmachine__sparkfun-redv_a-cpu.o)
                0x00000000200110f6                metal_cpu_timer_interrupt_controller
 .text.metal_cpu_timer_get_interrupt_id
                0x00000000200110fe        0x8 /home/kirk/dev/riscv/freedom-e-sdk/bsp/sparkfun-redv/install/lib/release//libmetal.a(libriscv__mmachine__sparkfun-redv_a-cpu.o)
                0x00000000200110fe                metal_cpu_timer_get_interrupt_id
 .text.metal_cpu_interrupt_controller
                0x0000000020011106        0x8 /home/kirk/dev/riscv/freedom-e-sdk/bsp/sparkfun-redv/install/lib/release//libmetal.a(libriscv__mmachine__sparkfun-redv_a-cpu.o)
                0x0000000020011106                metal_cpu_interrupt_controller
 .text.metal_cpu_get
                0x000000002001110e        0xc /home/kirk/dev/riscv/freedom-e-sdk/bsp/sparkfun-redv/install/lib/release//libmetal.a(libriscv__mmachine__sparkfun-redv_a-cpu.o)
                0x000000002001110e                metal_cpu_get
 .text.metal_cpu_get_current_hartid
                0x000000002001111a        0x6 /home/kirk/dev/riscv/freedom-e-sdk/bsp/sparkfun-redv/install/lib/release//libmetal.a(libriscv__mmachine__sparkfun-redv_a-cpu.o)
                0x000000002001111a                metal_cpu_get_current_hartid
 .text.metal_gpio_disable_input
                0x0000000020011120       0x14 /home/kirk/dev/riscv/freedom-e-sdk/bsp/sparkfun-redv/install/lib/release//libmetal.a(libriscv__mmachine__sparkfun-redv_a-gpio.o)
                0x0000000020011120                metal_gpio_disable_input
 .text.metal_gpio_enable_output
                0x0000000020011134       0x14 /home/kirk/dev/riscv/freedom-e-sdk/bsp/sparkfun-redv/install/lib/release//libmetal.a(libriscv__mmachine__sparkfun-redv_a-gpio.o)
                0x0000000020011134                metal_gpio_enable_output
 .text.metal_gpio_set_pin
                0x0000000020011148       0x1c /home/kirk/dev/riscv/freedom-e-sdk/bsp/sparkfun-redv/install/lib/release//libmetal.a(libriscv__mmachine__sparkfun-redv_a-gpio.o)
                0x0000000020011148                metal_gpio_set_pin
 .text.metal_gpio_disable_pinmux
                0x0000000020011164       0x14 /home/kirk/dev/riscv/freedom-e-sdk/bsp/sparkfun-redv/install/lib/release//libmetal.a(libriscv__mmachine__sparkfun-redv_a-gpio.o)
                0x0000000020011164                metal_gpio_disable_pinmux
 .text.metal_gpio_get_device
                0x0000000020011178       0x18 /home/kirk/dev/riscv/freedom-e-sdk/bsp/sparkfun-redv/install/lib/release//libmetal.a(libriscv__mmachine__sparkfun-redv_a-gpio.o)
                0x0000000020011178                metal_gpio_get_device
 .text.metal_interrupt_init
                0x0000000020011190        0x8 /home/kirk/dev/riscv/freedom-e-sdk/bsp/sparkfun-redv/install/lib/release//libmetal.a(libriscv__mmachine__sparkfun-redv_a-interrupt.o)
                0x0000000020011190                metal_interrupt_init
 .text.metal_interrupt_register_handler
                0x0000000020011198        0x8 /home/kirk/dev/riscv/freedom-e-sdk/bsp/sparkfun-redv/install/lib/release//libmetal.a(libriscv__mmachine__sparkfun-redv_a-interrupt.o)
                0x0000000020011198                metal_interrupt_register_handler
 .text.metal_interrupt_enable
                0x00000000200111a0        0x8 /home/kirk/dev/riscv/freedom-e-sdk/bsp/sparkfun-redv/install/lib/release//libmetal.a(libriscv__mmachine__sparkfun-redv_a-interrupt.o)
                0x00000000200111a0                metal_interrupt_enable
 .text.metal_interrupt_disable
                0x00000000200111a8        0x8 /home/kirk/dev/riscv/freedom-e-sdk/bsp/sparkfun-redv/install/lib/release//libmetal.a(libriscv__mmachine__sparkfun-redv_a-interrupt.o)
                0x00000000200111a8                metal_interrupt_disable
 .text.__metal_driver_riscv_clint0_mtimecmp_set
                0x00000000200111b0       0x28 /home/kirk/dev/riscv/freedom-e-sdk/bsp/sparkfun-redv/install/lib/release//libmetal.a(libriscv__mmachine__sparkfun-redv_a-riscv_clint0.o)
                0x00000000200111b0                __metal_driver_riscv_clint0_mtimecmp_set
 .text.__metal_driver_riscv_clint0_vector_register
                0x00000000200111d8        0x4 /home/kirk/dev/riscv/freedom-e-sdk/bsp/sparkfun-redv/install/lib/release//libmetal.a(libriscv__mmachine__sparkfun-redv_a-riscv_clint0.o)
                0x00000000200111d8                __metal_driver_riscv_clint0_vector_register
 .text.__metal_driver_riscv_clint0_get_vector_mode
                0x00000000200111dc        0x4 /home/kirk/dev/riscv/freedom-e-sdk/bsp/sparkfun-redv/install/lib/release//libmetal.a(libriscv__mmachine__sparkfun-redv_a-riscv_clint0.o)
                0x00000000200111dc                __metal_driver_riscv_clint0_get_vector_mode
 .text._get_cpu_intc
                0x00000000200111e0       0x10 /home/kirk/dev/riscv/freedom-e-sdk/bsp/sparkfun-redv/install/lib/release//libmetal.a(libriscv__mmachine__sparkfun-redv_a-riscv_clint0.o)
 .text.__metal_driver_riscv_clint0_set_vector_mode
                0x00000000200111f0       0x26 /home/kirk/dev/riscv/freedom-e-sdk/bsp/sparkfun-redv/install/lib/release//libmetal.a(libriscv__mmachine__sparkfun-redv_a-riscv_clint0.o)
                0x00000000200111f0                __metal_driver_riscv_clint0_set_vector_mode
 .text.__metal_driver_riscv_clint0_init
                0x0000000020011216       0x52 /home/kirk/dev/riscv/freedom-e-sdk/bsp/sparkfun-redv/install/lib/release//libmetal.a(libriscv__mmachine__sparkfun-redv_a-riscv_clint0.o)
                0x0000000020011216                __metal_driver_riscv_clint0_init
 .text.__metal_driver_riscv_clint0_disable
                0x0000000020011268       0x4a /home/kirk/dev/riscv/freedom-e-sdk/bsp/sparkfun-redv/install/lib/release//libmetal.a(libriscv__mmachine__sparkfun-redv_a-riscv_clint0.o)
                0x0000000020011268                __metal_driver_riscv_clint0_disable
 .text.__metal_driver_riscv_clint0_enable
                0x00000000200112b2       0x4a /home/kirk/dev/riscv/freedom-e-sdk/bsp/sparkfun-redv/install/lib/release//libmetal.a(libriscv__mmachine__sparkfun-redv_a-riscv_clint0.o)
                0x00000000200112b2                __metal_driver_riscv_clint0_enable
 .text.__metal_driver_riscv_clint0_register
                0x00000000200112fc       0x60 /home/kirk/dev/riscv/freedom-e-sdk/bsp/sparkfun-redv/install/lib/release//libmetal.a(libriscv__mmachine__sparkfun-redv_a-riscv_clint0.o)
                0x00000000200112fc                __metal_driver_riscv_clint0_register
 .text.__metal_clint0_mtime_get
                0x000000002001135c       0x26 /home/kirk/dev/riscv/freedom-e-sdk/bsp/sparkfun-redv/install/lib/release//libmetal.a(libriscv__mmachine__sparkfun-redv_a-riscv_clint0.o)
                0x000000002001135c                __metal_clint0_mtime_get
 .text.__metal_driver_riscv_clint0_command_request
                0x0000000020011382       0x84 /home/kirk/dev/riscv/freedom-e-sdk/bsp/sparkfun-redv/install/lib/release//libmetal.a(libriscv__mmachine__sparkfun-redv_a-riscv_clint0.o)
                0x0000000020011382                __metal_driver_riscv_clint0_command_request
 .text.__metal_driver_riscv_clint0_clear_interrupt
                0x0000000020011406       0x1c /home/kirk/dev/riscv/freedom-e-sdk/bsp/sparkfun-redv/install/lib/release//libmetal.a(libriscv__mmachine__sparkfun-redv_a-riscv_clint0.o)
                0x0000000020011406                __metal_driver_riscv_clint0_clear_interrupt
 .text.__metal_driver_riscv_clint0_set_interrupt
                0x0000000020011422       0x1c /home/kirk/dev/riscv/freedom-e-sdk/bsp/sparkfun-redv/install/lib/release//libmetal.a(libriscv__mmachine__sparkfun-redv_a-riscv_clint0.o)
                0x0000000020011422                __metal_driver_riscv_clint0_set_interrupt
 .text.__metal_default_sw_handler
                0x000000002001143e       0x42 /home/kirk/dev/riscv/freedom-e-sdk/bsp/sparkfun-redv/install/lib/release//libmetal.a(libriscv__mmachine__sparkfun-redv_a-riscv_cpu.o)
                0x000000002001143e                __metal_default_sw_handler
 *fill*         0x0000000020011480        0x0 
 .text.__metal_exception_handler
                0x0000000020011480       0xfa /home/kirk/dev/riscv/freedom-e-sdk/bsp/sparkfun-redv/install/lib/release//libmetal.a(libriscv__mmachine__sparkfun-redv_a-riscv_cpu.o)
                0x0000000020011480                __metal_exception_handler
 .text.__metal_driver_riscv_cpu_controller_command_request
                0x000000002001157a        0x4 /home/kirk/dev/riscv/freedom-e-sdk/bsp/sparkfun-redv/install/lib/release//libmetal.a(libriscv__mmachine__sparkfun-redv_a-riscv_cpu.o)
                0x000000002001157a                __metal_driver_riscv_cpu_controller_command_request
 .text.__metal_driver_cpu_mcycle_get
                0x000000002001157e       0x16 /home/kirk/dev/riscv/freedom-e-sdk/bsp/sparkfun-redv/install/lib/release//libmetal.a(libriscv__mmachine__sparkfun-redv_a-riscv_cpu.o)
                0x000000002001157e                __metal_driver_cpu_mcycle_get
 .text.__metal_driver_cpu_timebase_get
                0x0000000020011594       0x22 /home/kirk/dev/riscv/freedom-e-sdk/bsp/sparkfun-redv/install/lib/release//libmetal.a(libriscv__mmachine__sparkfun-redv_a-riscv_cpu.o)
                0x0000000020011594                __metal_driver_cpu_timebase_get
 .text.__metal_driver_cpu_mtime_get
                0x00000000200115b6       0x32 /home/kirk/dev/riscv/freedom-e-sdk/bsp/sparkfun-redv/install/lib/release//libmetal.a(libriscv__mmachine__sparkfun-redv_a-riscv_cpu.o)
                0x00000000200115b6                __metal_driver_cpu_mtime_get
 .text.__metal_driver_cpu_timer_controller_interrupt
                0x00000000200115e8        0x6 /home/kirk/dev/riscv/freedom-e-sdk/bsp/sparkfun-redv/install/lib/release//libmetal.a(libriscv__mmachine__sparkfun-redv_a-riscv_cpu.o)
                0x00000000200115e8                __metal_driver_cpu_timer_controller_interrupt
 .text.__metal_driver_cpu_get_timer_interrupt_id
                0x00000000200115ee        0x4 /home/kirk/dev/riscv/freedom-e-sdk/bsp/sparkfun-redv/install/lib/release//libmetal.a(libriscv__mmachine__sparkfun-redv_a-riscv_cpu.o)
                0x00000000200115ee                __metal_driver_cpu_get_timer_interrupt_id
 .text.__metal_driver_cpu_get_sw_interrupt_id
                0x00000000200115f2        0x4 /home/kirk/dev/riscv/freedom-e-sdk/bsp/sparkfun-redv/install/lib/release//libmetal.a(libriscv__mmachine__sparkfun-redv_a-riscv_cpu.o)
                0x00000000200115f2                __metal_driver_cpu_get_sw_interrupt_id
 .text.__metal_driver_cpu_set_sw_ipi
                0x00000000200115f6       0x30 /home/kirk/dev/riscv/freedom-e-sdk/bsp/sparkfun-redv/install/lib/release//libmetal.a(libriscv__mmachine__sparkfun-redv_a-riscv_cpu.o)
                0x00000000200115f6                __metal_driver_cpu_set_sw_ipi
 .text.__metal_driver_cpu_clear_sw_ipi
                0x0000000020011626       0x30 /home/kirk/dev/riscv/freedom-e-sdk/bsp/sparkfun-redv/install/lib/release//libmetal.a(libriscv__mmachine__sparkfun-redv_a-riscv_cpu.o)
                0x0000000020011626                __metal_driver_cpu_clear_sw_ipi
 .text.__metal_driver_cpu_get_msip
                0x0000000020011656       0x30 /home/kirk/dev/riscv/freedom-e-sdk/bsp/sparkfun-redv/install/lib/release//libmetal.a(libriscv__mmachine__sparkfun-redv_a-riscv_cpu.o)
                0x0000000020011656                __metal_driver_cpu_get_msip
 .text.__metal_driver_cpu_controller_interrupt
                0x0000000020011686       0x16 /home/kirk/dev/riscv/freedom-e-sdk/bsp/sparkfun-redv/install/lib/release//libmetal.a(libriscv__mmachine__sparkfun-redv_a-riscv_cpu.o)
                0x0000000020011686                __metal_driver_cpu_controller_interrupt
 .text.__metal_driver_cpu_get_instruction_length
                0x000000002001169c       0x12 /home/kirk/dev/riscv/freedom-e-sdk/bsp/sparkfun-redv/install/lib/release//libmetal.a(libriscv__mmachine__sparkfun-redv_a-riscv_cpu.o)
                0x000000002001169c                __metal_driver_cpu_get_instruction_length
 .text.__metal_driver_cpu_get_exception_pc
                0x00000000200116ae        0x6 /home/kirk/dev/riscv/freedom-e-sdk/bsp/sparkfun-redv/install/lib/release//libmetal.a(libriscv__mmachine__sparkfun-redv_a-riscv_cpu.o)
                0x00000000200116ae                __metal_driver_cpu_get_exception_pc
 .text.__metal_driver_cpu_set_exception_pc
                0x00000000200116b4        0x8 /home/kirk/dev/riscv/freedom-e-sdk/bsp/sparkfun-redv/install/lib/release//libmetal.a(libriscv__mmachine__sparkfun-redv_a-riscv_cpu.o)
                0x00000000200116b4                __metal_driver_cpu_set_exception_pc
 .text.__metal_default_exception_handler
                0x00000000200116bc        0xc /home/kirk/dev/riscv/freedom-e-sdk/bsp/sparkfun-redv/install/lib/release//libmetal.a(libriscv__mmachine__sparkfun-redv_a-riscv_cpu.o)
                0x00000000200116bc                __metal_default_exception_handler
 .text.__metal_default_interrupt_handler
                0x00000000200116c8        0xc /home/kirk/dev/riscv/freedom-e-sdk/bsp/sparkfun-redv/install/lib/release//libmetal.a(libriscv__mmachine__sparkfun-redv_a-riscv_cpu.o)
                0x00000000200116c8                __metal_default_interrupt_handler
 .text.__metal_driver_cpu_mtimecmp_set
                0x00000000200116d4       0x24 /home/kirk/dev/riscv/freedom-e-sdk/bsp/sparkfun-redv/install/lib/release//libmetal.a(libriscv__mmachine__sparkfun-redv_a-riscv_cpu.o)
                0x00000000200116d4                __metal_driver_cpu_mtimecmp_set
 .text.__metal_default_timer_handler
                0x00000000200116f8       0x38 /home/kirk/dev/riscv/freedom-e-sdk/bsp/sparkfun-redv/install/lib/release//libmetal.a(libriscv__mmachine__sparkfun-redv_a-riscv_cpu.o)
                0x00000000200116f8                __metal_default_timer_handler
 .text.__metal_driver_riscv_cpu_controller_interrupt_init
                0x0000000020011730       0x94 /home/kirk/dev/riscv/freedom-e-sdk/bsp/sparkfun-redv/install/lib/release//libmetal.a(libriscv__mmachine__sparkfun-redv_a-riscv_cpu.o)
                0x0000000020011730                __metal_driver_riscv_cpu_controller_interrupt_init
 .text.__metal_driver_cpu_exception_register
                0x00000000200117c4       0x2c /home/kirk/dev/riscv/freedom-e-sdk/bsp/sparkfun-redv/install/lib/release//libmetal.a(libriscv__mmachine__sparkfun-redv_a-riscv_cpu.o)
                0x00000000200117c4                __metal_driver_cpu_exception_register
 .text.__metal_driver_cpu_sw_controller_interrupt
                0x00000000200117f0        0x6 /home/kirk/dev/riscv/freedom-e-sdk/bsp/sparkfun-redv/install/lib/release//libmetal.a(libriscv__mmachine__sparkfun-redv_a-riscv_cpu.o)
                0x00000000200117f0                __metal_driver_cpu_sw_controller_interrupt
 .text.__metal_driver_riscv_cpu_controller_set_vector_mode
                0x00000000200117f6       0x32 /home/kirk/dev/riscv/freedom-e-sdk/bsp/sparkfun-redv/install/lib/release//libmetal.a(libriscv__mmachine__sparkfun-redv_a-riscv_cpu.o)
                0x00000000200117f6                __metal_driver_riscv_cpu_controller_set_vector_mode
 .text.metal_interrupt_vector_handler
                0x0000000020011828       0x2a /home/kirk/dev/riscv/freedom-e-sdk/bsp/sparkfun-redv/install/lib/release//libmetal.a(libriscv__mmachine__sparkfun-redv_a-riscv_cpu.o)
                0x0000000020011828                metal_interrupt_vector_handler
 .text.metal_software_interrupt_vector_handler
                0x0000000020011852       0x7c /home/kirk/dev/riscv/freedom-e-sdk/bsp/sparkfun-redv/install/lib/release//libmetal.a(libriscv__mmachine__sparkfun-redv_a-riscv_cpu.o)
                0x0000000020011852                metal_software_interrupt_vector_handler
 .text.metal_timer_interrupt_vector_handler
                0x00000000200118ce       0x7c /home/kirk/dev/riscv/freedom-e-sdk/bsp/sparkfun-redv/install/lib/release//libmetal.a(libriscv__mmachine__sparkfun-redv_a-riscv_cpu.o)
                0x00000000200118ce                metal_timer_interrupt_vector_handler
 .text.metal_lc0_interrupt_vector_handler
                0x000000002001194a       0x7c /home/kirk/dev/riscv/freedom-e-sdk/bsp/sparkfun-redv/install/lib/release//libmetal.a(libriscv__mmachine__sparkfun-redv_a-riscv_cpu.o)
                0x000000002001194a                metal_lc0_interrupt_vector_handler
 .text.metal_lc1_interrupt_vector_handler
                0x00000000200119c6       0x7c /home/kirk/dev/riscv/freedom-e-sdk/bsp/sparkfun-redv/install/lib/release//libmetal.a(libriscv__mmachine__sparkfun-redv_a-riscv_cpu.o)
                0x00000000200119c6                metal_lc1_interrupt_vector_handler
 .text.metal_lc2_interrupt_vector_handler
                0x0000000020011a42       0x7c /home/kirk/dev/riscv/freedom-e-sdk/bsp/sparkfun-redv/install/lib/release//libmetal.a(libriscv__mmachine__sparkfun-redv_a-riscv_cpu.o)
                0x0000000020011a42                metal_lc2_interrupt_vector_handler
 .text.metal_lc3_interrupt_vector_handler
                0x0000000020011abe       0x7c /home/kirk/dev/riscv/freedom-e-sdk/bsp/sparkfun-redv/install/lib/release//libmetal.a(libriscv__mmachine__sparkfun-redv_a-riscv_cpu.o)
                0x0000000020011abe                metal_lc3_interrupt_vector_handler
 .text.metal_lc4_interrupt_vector_handler
                0x0000000020011b3a       0x7c /home/kirk/dev/riscv/freedom-e-sdk/bsp/sparkfun-redv/install/lib/release//libmetal.a(libriscv__mmachine__sparkfun-redv_a-riscv_cpu.o)
                0x0000000020011b3a                metal_lc4_interrupt_vector_handler
 .text.metal_lc5_interrupt_vector_handler
                0x0000000020011bb6       0x7c /home/kirk/dev/riscv/freedom-e-sdk/bsp/sparkfun-redv/install/lib/release//libmetal.a(libriscv__mmachine__sparkfun-redv_a-riscv_cpu.o)
                0x0000000020011bb6                metal_lc5_interrupt_vector_handler
 .text.metal_lc6_interrupt_vector_handler
                0x0000000020011c32       0x7c /home/kirk/dev/riscv/freedom-e-sdk/bsp/sparkfun-redv/install/lib/release//libmetal.a(libriscv__mmachine__sparkfun-redv_a-riscv_cpu.o)
                0x0000000020011c32                metal_lc6_interrupt_vector_handler
 .text.metal_lc7_interrupt_vector_handler
                0x0000000020011cae       0x7c /home/kirk/dev/riscv/freedom-e-sdk/bsp/sparkfun-redv/install/lib/release//libmetal.a(libriscv__mmachine__sparkfun-redv_a-riscv_cpu.o)
                0x0000000020011cae                metal_lc7_interrupt_vector_handler
 .text.metal_lc8_interrupt_vector_handler
                0x0000000020011d2a       0x7c /home/kirk/dev/riscv/freedom-e-sdk/bsp/sparkfun-redv/install/lib/release//libmetal.a(libriscv__mmachine__sparkfun-redv_a-riscv_cpu.o)
                0x0000000020011d2a                metal_lc8_interrupt_vector_handler
 .text.metal_lc9_interrupt_vector_handler
                0x0000000020011da6       0x7c /home/kirk/dev/riscv/freedom-e-sdk/bsp/sparkfun-redv/install/lib/release//libmetal.a(libriscv__mmachine__sparkfun-redv_a-riscv_cpu.o)
                0x0000000020011da6                metal_lc9_interrupt_vector_handler
 .text.metal_lc10_interrupt_vector_handler
                0x0000000020011e22       0x7c /home/kirk/dev/riscv/freedom-e-sdk/bsp/sparkfun-redv/install/lib/release//libmetal.a(libriscv__mmachine__sparkfun-redv_a-riscv_cpu.o)
                0x0000000020011e22                metal_lc10_interrupt_vector_handler
 .text.metal_lc11_interrupt_vector_handler
                0x0000000020011e9e       0x7c /home/kirk/dev/riscv/freedom-e-sdk/bsp/sparkfun-redv/install/lib/release//libmetal.a(libriscv__mmachine__sparkfun-redv_a-riscv_cpu.o)
                0x0000000020011e9e                metal_lc11_interrupt_vector_handler
 .text.metal_lc12_interrupt_vector_handler
                0x0000000020011f1a       0x7c /home/kirk/dev/riscv/freedom-e-sdk/bsp/sparkfun-redv/install/lib/release//libmetal.a(libriscv__mmachine__sparkfun-redv_a-riscv_cpu.o)
                0x0000000020011f1a                metal_lc12_interrupt_vector_handler
 .text.metal_lc13_interrupt_vector_handler
                0x0000000020011f96       0x7c /home/kirk/dev/riscv/freedom-e-sdk/bsp/sparkfun-redv/install/lib/release//libmetal.a(libriscv__mmachine__sparkfun-redv_a-riscv_cpu.o)
                0x0000000020011f96                metal_lc13_interrupt_vector_handler
 .text.metal_lc14_interrupt_vector_handler
                0x0000000020012012       0x7c /home/kirk/dev/riscv/freedom-e-sdk/bsp/sparkfun-redv/install/lib/release//libmetal.a(libriscv__mmachine__sparkfun-redv_a-riscv_cpu.o)
                0x0000000020012012                metal_lc14_interrupt_vector_handler
 .text.metal_lc15_interrupt_vector_handler
                0x000000002001208e       0x7c /home/kirk/dev/riscv/freedom-e-sdk/bsp/sparkfun-redv/install/lib/release//libmetal.a(libriscv__mmachine__sparkfun-redv_a-riscv_cpu.o)
                0x000000002001208e                metal_lc15_interrupt_vector_handler
 .text.__metal_controller_interrupt_vector_mode
                0x000000002001210a       0x1e /home/kirk/dev/riscv/freedom-e-sdk/bsp/sparkfun-redv/install/lib/release//libmetal.a(libriscv__mmachine__sparkfun-redv_a-riscv_cpu.o)
                0x000000002001210a                __metal_controller_interrupt_vector_mode
 .text.__metal_driver_riscv_cpu_controller_get_vector_mode
                0x0000000020012128        0x2 /home/kirk/dev/riscv/freedom-e-sdk/bsp/sparkfun-redv/install/lib/release//libmetal.a(libriscv__mmachine__sparkfun-redv_a-riscv_cpu.o)
                0x0000000020012128                __metal_driver_riscv_cpu_controller_get_vector_mode
 .text.__metal_valid_interrupt_id
                0x000000002001212a       0x1e /home/kirk/dev/riscv/freedom-e-sdk/bsp/sparkfun-redv/install/lib/release//libmetal.a(libriscv__mmachine__sparkfun-redv_a-riscv_cpu.o)
                0x000000002001212a                __metal_valid_interrupt_id
 .text.__metal_driver_riscv_cpu_controller_interrupt_register
                0x0000000020012148       0x9e /home/kirk/dev/riscv/freedom-e-sdk/bsp/sparkfun-redv/install/lib/release//libmetal.a(libriscv__mmachine__sparkfun-redv_a-riscv_cpu.o)
                0x0000000020012148                __metal_driver_riscv_cpu_controller_interrupt_register
 .text.__metal_local_interrupt_enable
                0x00000000200121e6       0x72 /home/kirk/dev/riscv/freedom-e-sdk/bsp/sparkfun-redv/install/lib/release//libmetal.a(libriscv__mmachine__sparkfun-redv_a-riscv_cpu.o)
                0x00000000200121e6                __metal_local_interrupt_enable
 .text.__metal_driver_riscv_cpu_controller_interrupt_enable
                0x0000000020012258        0x4 /home/kirk/dev/riscv/freedom-e-sdk/bsp/sparkfun-redv/install/lib/release//libmetal.a(libriscv__mmachine__sparkfun-redv_a-riscv_cpu.o)
                0x0000000020012258                __metal_driver_riscv_cpu_controller_interrupt_enable
 .text.__metal_driver_riscv_cpu_controller_interrupt_disable
                0x000000002001225c        0x4 /home/kirk/dev/riscv/freedom-e-sdk/bsp/sparkfun-redv/install/lib/release//libmetal.a(libriscv__mmachine__sparkfun-redv_a-riscv_cpu.o)
                0x000000002001225c                __metal_driver_riscv_cpu_controller_interrupt_disable
 .text.__metal_plic0_set_threshold
                0x0000000020012260       0x1e /home/kirk/dev/riscv/freedom-e-sdk/bsp/sparkfun-redv/install/lib/release//libmetal.a(libriscv__mmachine__sparkfun-redv_a-riscv_plic0.o)
                0x0000000020012260                __metal_plic0_set_threshold
 .text.__metal_plic0_get_threshold
                0x000000002001227e       0x1e /home/kirk/dev/riscv/freedom-e-sdk/bsp/sparkfun-redv/install/lib/release//libmetal.a(libriscv__mmachine__sparkfun-redv_a-riscv_plic0.o)
                0x000000002001227e                __metal_plic0_get_threshold
 .text.__metal_plic0_set_priority
                0x000000002001229c       0x26 /home/kirk/dev/riscv/freedom-e-sdk/bsp/sparkfun-redv/install/lib/release//libmetal.a(libriscv__mmachine__sparkfun-redv_a-riscv_plic0.o)
                0x000000002001229c                __metal_plic0_set_priority
 .text.__metal_plic0_get_priority
                0x00000000200122c2       0x1c /home/kirk/dev/riscv/freedom-e-sdk/bsp/sparkfun-redv/install/lib/release//libmetal.a(libriscv__mmachine__sparkfun-redv_a-riscv_plic0.o)
                0x00000000200122c2                __metal_plic0_get_priority
 .text.__metal_plic0_default_handler
                0x00000000200122de        0xc /home/kirk/dev/riscv/freedom-e-sdk/bsp/sparkfun-redv/install/lib/release//libmetal.a(libriscv__mmachine__sparkfun-redv_a-riscv_plic0.o)
                0x00000000200122de                __metal_plic0_default_handler
 .text.__metal_driver_riscv_plic0_register
                0x00000000200122ea       0x80 /home/kirk/dev/riscv/freedom-e-sdk/bsp/sparkfun-redv/install/lib/release//libmetal.a(libriscv__mmachine__sparkfun-redv_a-riscv_plic0.o)
                0x00000000200122ea                __metal_driver_riscv_plic0_register
 .text.__metal_plic0_claim_interrupt
                0x000000002001236a       0x20 /home/kirk/dev/riscv/freedom-e-sdk/bsp/sparkfun-redv/install/lib/release//libmetal.a(libriscv__mmachine__sparkfun-redv_a-riscv_plic0.o)
                0x000000002001236a                __metal_plic0_claim_interrupt
 .text.__metal_plic0_complete_interrupt
                0x000000002001238a       0x1e /home/kirk/dev/riscv/freedom-e-sdk/bsp/sparkfun-redv/install/lib/release//libmetal.a(libriscv__mmachine__sparkfun-redv_a-riscv_plic0.o)
                0x000000002001238a                __metal_plic0_complete_interrupt
 .text.__metal_plic0_handler
                0x00000000200123a8       0x4a /home/kirk/dev/riscv/freedom-e-sdk/bsp/sparkfun-redv/install/lib/release//libmetal.a(libriscv__mmachine__sparkfun-redv_a-riscv_plic0.o)
                0x00000000200123a8                __metal_plic0_handler
 .text.__metal_plic0_enable
                0x00000000200123f2       0x36 /home/kirk/dev/riscv/freedom-e-sdk/bsp/sparkfun-redv/install/lib/release//libmetal.a(libriscv__mmachine__sparkfun-redv_a-riscv_plic0.o)
                0x00000000200123f2                __metal_plic0_enable
 .text.__metal_driver_riscv_plic0_init
                0x0000000020012428       0xca /home/kirk/dev/riscv/freedom-e-sdk/bsp/sparkfun-redv/install/lib/release//libmetal.a(libriscv__mmachine__sparkfun-redv_a-riscv_plic0.o)
                0x0000000020012428                __metal_driver_riscv_plic0_init
 .text.__metal_driver_riscv_plic0_enable
                0x00000000200124f2       0x2e /home/kirk/dev/riscv/freedom-e-sdk/bsp/sparkfun-redv/install/lib/release//libmetal.a(libriscv__mmachine__sparkfun-redv_a-riscv_plic0.o)
                0x00000000200124f2                __metal_driver_riscv_plic0_enable
 .text.__metal_driver_riscv_plic0_disable
                0x0000000020012520       0x2e /home/kirk/dev/riscv/freedom-e-sdk/bsp/sparkfun-redv/install/lib/release//libmetal.a(libriscv__mmachine__sparkfun-redv_a-riscv_plic0.o)
                0x0000000020012520                __metal_driver_riscv_plic0_disable
 .text.__metal_driver_sifive_fe310_g000_hfrosc_get_rate_hz
                0x000000002001254e       0x40 /home/kirk/dev/riscv/freedom-e-sdk/bsp/sparkfun-redv/install/lib/release//libmetal.a(libriscv__mmachine__sparkfun-redv_a-sifive_fe310-g000_hfrosc.o)
                0x000000002001254e                __metal_driver_sifive_fe310_g000_hfrosc_get_rate_hz
 .text.__metal_driver_sifive_fe310_g000_hfrosc_set_rate_hz
                0x000000002001258e        0x2 /home/kirk/dev/riscv/freedom-e-sdk/bsp/sparkfun-redv/install/lib/release//libmetal.a(libriscv__mmachine__sparkfun-redv_a-sifive_fe310-g000_hfrosc.o)
                0x000000002001258e                __metal_driver_sifive_fe310_g000_hfrosc_set_rate_hz
 .text.__metal_driver_sifive_fe310_g000_hfxosc_get_rate_hz
                0x0000000020012590       0x34 /home/kirk/dev/riscv/freedom-e-sdk/bsp/sparkfun-redv/install/lib/release//libmetal.a(libriscv__mmachine__sparkfun-redv_a-sifive_fe310-g000_hfxosc.o)
                0x0000000020012590                __metal_driver_sifive_fe310_g000_hfxosc_get_rate_hz
 .text.__metal_driver_sifive_fe310_g000_hfxosc_set_rate_hz
                0x00000000200125c4        0x2 /home/kirk/dev/riscv/freedom-e-sdk/bsp/sparkfun-redv/install/lib/release//libmetal.a(libriscv__mmachine__sparkfun-redv_a-sifive_fe310-g000_hfxosc.o)
                0x00000000200125c4                __metal_driver_sifive_fe310_g000_hfxosc_set_rate_hz
 .text.__metal_driver_sifive_fe310_g000_pll_config_base
                0x00000000200125c6        0x6 /home/kirk/dev/riscv/freedom-e-sdk/bsp/sparkfun-redv/install/lib/release//libmetal.a(libriscv__mmachine__sparkfun-redv_a-sifive_fe310-g000_pll.o)
 .text.__metal_driver_sifive_fe310_g000_pll_config_offset
                0x00000000200125cc        0x4 /home/kirk/dev/riscv/freedom-e-sdk/bsp/sparkfun-redv/install/lib/release//libmetal.a(libriscv__mmachine__sparkfun-redv_a-sifive_fe310-g000_pll.o)
 .text.__metal_driver_sifive_fe310_g000_pll_init
                0x00000000200125d0       0x50 /home/kirk/dev/riscv/freedom-e-sdk/bsp/sparkfun-redv/install/lib/release//libmetal.a(libriscv__mmachine__sparkfun-redv_a-sifive_fe310-g000_pll.o)
                0x00000000200125d0                __metal_driver_sifive_fe310_g000_pll_init
 .text.__metal_driver_sifive_fe310_g000_pll_get_rate_hz
                0x0000000020012620       0xbe /home/kirk/dev/riscv/freedom-e-sdk/bsp/sparkfun-redv/install/lib/release//libmetal.a(libriscv__mmachine__sparkfun-redv_a-sifive_fe310-g000_pll.o)
                0x0000000020012620                __metal_driver_sifive_fe310_g000_pll_get_rate_hz
 .text.__metal_driver_sifive_fe310_g000_pll_set_rate_hz
                0x00000000200126de      0x180 /home/kirk/dev/riscv/freedom-e-sdk/bsp/sparkfun-redv/install/lib/release//libmetal.a(libriscv__mmachine__sparkfun-redv_a-sifive_fe310-g000_pll.o)
                0x00000000200126de                __metal_driver_sifive_fe310_g000_pll_set_rate_hz
 .text.__metal_driver_sifive_fe310_g000_prci_get_reg
                0x000000002001285e        0xa /home/kirk/dev/riscv/freedom-e-sdk/bsp/sparkfun-redv/install/lib/release//libmetal.a(libriscv__mmachine__sparkfun-redv_a-sifive_fe310-g000_prci.o)
                0x000000002001285e                __metal_driver_sifive_fe310_g000_prci_get_reg
 .text.__metal_driver_sifive_fe310_g000_prci_set_reg
                0x0000000020012868        0xc /home/kirk/dev/riscv/freedom-e-sdk/bsp/sparkfun-redv/install/lib/release//libmetal.a(libriscv__mmachine__sparkfun-redv_a-sifive_fe310-g000_prci.o)
                0x0000000020012868                __metal_driver_sifive_fe310_g000_prci_set_reg
 .text.__metal_driver_sifive_gpio0_enable_input
                0x0000000020012874       0x18 /home/kirk/dev/riscv/freedom-e-sdk/bsp/sparkfun-redv/install/lib/release//libmetal.a(libriscv__mmachine__sparkfun-redv_a-sifive_gpio0.o)
                0x0000000020012874                __metal_driver_sifive_gpio0_enable_input
 .text.__metal_driver_sifive_gpio0_disable_input
                0x000000002001288c       0x1c /home/kirk/dev/riscv/freedom-e-sdk/bsp/sparkfun-redv/install/lib/release//libmetal.a(libriscv__mmachine__sparkfun-redv_a-sifive_gpio0.o)
                0x000000002001288c                __metal_driver_sifive_gpio0_disable_input
 .text.__metal_driver_sifive_gpio0_input
                0x00000000200128a8       0x14 /home/kirk/dev/riscv/freedom-e-sdk/bsp/sparkfun-redv/install/lib/release//libmetal.a(libriscv__mmachine__sparkfun-redv_a-sifive_gpio0.o)
                0x00000000200128a8                __metal_driver_sifive_gpio0_input
 .text.__metal_driver_sifive_gpio0_output
                0x00000000200128bc       0x14 /home/kirk/dev/riscv/freedom-e-sdk/bsp/sparkfun-redv/install/lib/release//libmetal.a(libriscv__mmachine__sparkfun-redv_a-sifive_gpio0.o)
                0x00000000200128bc                __metal_driver_sifive_gpio0_output
 .text.__metal_driver_sifive_gpio0_disable_output
                0x00000000200128d0       0x1c /home/kirk/dev/riscv/freedom-e-sdk/bsp/sparkfun-redv/install/lib/release//libmetal.a(libriscv__mmachine__sparkfun-redv_a-sifive_gpio0.o)
                0x00000000200128d0                __metal_driver_sifive_gpio0_disable_output
 .text.__metal_driver_sifive_gpio0_enable_output
                0x00000000200128ec       0x18 /home/kirk/dev/riscv/freedom-e-sdk/bsp/sparkfun-redv/install/lib/release//libmetal.a(libriscv__mmachine__sparkfun-redv_a-sifive_gpio0.o)
                0x00000000200128ec                __metal_driver_sifive_gpio0_enable_output
 .text.__metal_driver_sifive_gpio0_output_set
                0x0000000020012904       0x18 /home/kirk/dev/riscv/freedom-e-sdk/bsp/sparkfun-redv/install/lib/release//libmetal.a(libriscv__mmachine__sparkfun-redv_a-sifive_gpio0.o)
                0x0000000020012904                __metal_driver_sifive_gpio0_output_set
 .text.__metal_driver_sifive_gpio0_output_clear
                0x000000002001291c       0x1c /home/kirk/dev/riscv/freedom-e-sdk/bsp/sparkfun-redv/install/lib/release//libmetal.a(libriscv__mmachine__sparkfun-redv_a-sifive_gpio0.o)
                0x000000002001291c                __metal_driver_sifive_gpio0_output_clear
 .text.__metal_driver_sifive_gpio0_output_toggle
                0x0000000020012938       0x18 /home/kirk/dev/riscv/freedom-e-sdk/bsp/sparkfun-redv/install/lib/release//libmetal.a(libriscv__mmachine__sparkfun-redv_a-sifive_gpio0.o)
                0x0000000020012938                __metal_driver_sifive_gpio0_output_toggle
 .text.__metal_driver_sifive_gpio0_enable_io
                0x0000000020012950       0x22 /home/kirk/dev/riscv/freedom-e-sdk/bsp/sparkfun-redv/install/lib/release//libmetal.a(libriscv__mmachine__sparkfun-redv_a-sifive_gpio0.o)
                0x0000000020012950                __metal_driver_sifive_gpio0_enable_io
 .text.__metal_driver_sifive_gpio0_disable_io
                0x0000000020012972       0x1c /home/kirk/dev/riscv/freedom-e-sdk/bsp/sparkfun-redv/install/lib/release//libmetal.a(libriscv__mmachine__sparkfun-redv_a-sifive_gpio0.o)
                0x0000000020012972                __metal_driver_sifive_gpio0_disable_io
 .text.__metal_driver_sifive_gpio0_config_int
                0x000000002001298e       0x7a /home/kirk/dev/riscv/freedom-e-sdk/bsp/sparkfun-redv/install/lib/release//libmetal.a(libriscv__mmachine__sparkfun-redv_a-sifive_gpio0.o)
                0x000000002001298e                __metal_driver_sifive_gpio0_config_int
 .text.__metal_driver_sifive_gpio0_clear_int
                0x0000000020012a08       0x60 /home/kirk/dev/riscv/freedom-e-sdk/bsp/sparkfun-redv/install/lib/release//libmetal.a(libriscv__mmachine__sparkfun-redv_a-sifive_gpio0.o)
                0x0000000020012a08                __metal_driver_sifive_gpio0_clear_int
 .text.__metal_driver_gpio_interrupt_controller
                0x0000000020012a68       0x16 /home/kirk/dev/riscv/freedom-e-sdk/bsp/sparkfun-redv/install/lib/release//libmetal.a(libriscv__mmachine__sparkfun-redv_a-sifive_gpio0.o)
                0x0000000020012a68                __metal_driver_gpio_interrupt_controller
 .text.__metal_driver_gpio_get_interrupt_id
                0x0000000020012a7e      0x122 /home/kirk/dev/riscv/freedom-e-sdk/bsp/sparkfun-redv/install/lib/release//libmetal.a(libriscv__mmachine__sparkfun-redv_a-sifive_gpio0.o)
                0x0000000020012a7e                __metal_driver_gpio_get_interrupt_id
 .text.__metal_driver_sifive_uart0_interrupt_controller
                0x0000000020012ba0       0x1a /home/kirk/dev/riscv/freedom-e-sdk/bsp/sparkfun-redv/install/lib/release//libmetal.a(libriscv__mmachine__sparkfun-redv_a-sifive_uart0.o)
                0x0000000020012ba0                __metal_driver_sifive_uart0_interrupt_controller
 .text.__metal_driver_sifive_uart0_get_interrupt_id
                0x0000000020012bba       0x26 /home/kirk/dev/riscv/freedom-e-sdk/bsp/sparkfun-redv/install/lib/release//libmetal.a(libriscv__mmachine__sparkfun-redv_a-sifive_uart0.o)
                0x0000000020012bba                __metal_driver_sifive_uart0_get_interrupt_id
 .text.__metal_driver_sifive_uart0_get_baud_rate
                0x0000000020012be0        0x4 /home/kirk/dev/riscv/freedom-e-sdk/bsp/sparkfun-redv/install/lib/release//libmetal.a(libriscv__mmachine__sparkfun-redv_a-sifive_uart0.o)
                0x0000000020012be0                __metal_driver_sifive_uart0_get_baud_rate
 .text.pre_rate_change_callback_func
                0x0000000020012be4       0x8e /home/kirk/dev/riscv/freedom-e-sdk/bsp/sparkfun-redv/install/lib/release//libmetal.a(libriscv__mmachine__sparkfun-redv_a-sifive_uart0.o)
 .text.post_rate_change_callback_func
                0x0000000020012c72        0x4 /home/kirk/dev/riscv/freedom-e-sdk/bsp/sparkfun-redv/install/lib/release//libmetal.a(libriscv__mmachine__sparkfun-redv_a-sifive_uart0.o)
 .text.__metal_driver_sifive_uart0_getc
                0x0000000020012c76       0x34 /home/kirk/dev/riscv/freedom-e-sdk/bsp/sparkfun-redv/install/lib/release//libmetal.a(libriscv__mmachine__sparkfun-redv_a-sifive_uart0.o)
                0x0000000020012c76                __metal_driver_sifive_uart0_getc
 .text.__metal_driver_sifive_uart0_set_baud_rate
                0x0000000020012caa       0x64 /home/kirk/dev/riscv/freedom-e-sdk/bsp/sparkfun-redv/install/lib/release//libmetal.a(libriscv__mmachine__sparkfun-redv_a-sifive_uart0.o)
                0x0000000020012caa                __metal_driver_sifive_uart0_set_baud_rate
 .text.__metal_driver_sifive_uart0_init
                0x0000000020012d0e       0xc2 /home/kirk/dev/riscv/freedom-e-sdk/bsp/sparkfun-redv/install/lib/release//libmetal.a(libriscv__mmachine__sparkfun-redv_a-sifive_uart0.o)
                0x0000000020012d0e                __metal_driver_sifive_uart0_init
 .text.__metal_driver_sifive_uart0_txready
                0x0000000020012dd0       0x2e /home/kirk/dev/riscv/freedom-e-sdk/bsp/sparkfun-redv/install/lib/release//libmetal.a(libriscv__mmachine__sparkfun-redv_a-sifive_uart0.o)
                0x0000000020012dd0                __metal_driver_sifive_uart0_txready
 .text.__metal_driver_sifive_uart0_putc
                0x0000000020012dfe       0x44 /home/kirk/dev/riscv/freedom-e-sdk/bsp/sparkfun-redv/install/lib/release//libmetal.a(libriscv__mmachine__sparkfun-redv_a-sifive_uart0.o)
                0x0000000020012dfe                __metal_driver_sifive_uart0_putc
 .text._metal_clock_call_all_callbacks
                0x0000000020012e42       0x1c /home/kirk/dev/riscv/freedom-e-sdk/bsp/sparkfun-redv/install/lib/release//libmetal.a(libriscv__mmachine__sparkfun-redv_a-clock.o)
                0x0000000020012e42                _metal_clock_call_all_callbacks
 .text._metal_clock_append_to_callbacks
                0x0000000020012e5e       0x18 /home/kirk/dev/riscv/freedom-e-sdk/bsp/sparkfun-redv/install/lib/release//libmetal.a(libriscv__mmachine__sparkfun-redv_a-clock.o)
                0x0000000020012e5e                _metal_clock_append_to_callbacks
 .text.metal_clock_get_rate_hz
                0x0000000020012e76        0x8 /home/kirk/dev/riscv/freedom-e-sdk/bsp/sparkfun-redv/install/lib/release//libmetal.a(libriscv__mmachine__sparkfun-redv_a-clock.o)
                0x0000000020012e76                metal_clock_get_rate_hz
 .text.metal_clock_set_rate_hz
                0x0000000020012e7e       0x2c /home/kirk/dev/riscv/freedom-e-sdk/bsp/sparkfun-redv/install/lib/release//libmetal.a(libriscv__mmachine__sparkfun-redv_a-clock.o)
                0x0000000020012e7e                metal_clock_set_rate_hz
 .text.metal_shutdown
                0x0000000020012eaa        0x4 /home/kirk/dev/riscv/freedom-e-sdk/bsp/sparkfun-redv/install/lib/release//libmetal.a(libriscv__mmachine__sparkfun-redv_a-shutdown.o)
                0x0000000020012eaa                metal_shutdown
 .text.metal_uart_init
                0x0000000020012eae        0x8 /home/kirk/dev/riscv/freedom-e-sdk/bsp/sparkfun-redv/install/lib/release//libmetal.a(libriscv__mmachine__sparkfun-redv_a-uart.o)
                0x0000000020012eae                metal_uart_init
 .text.metal_uart_putc
                0x0000000020012eb6        0x8 /home/kirk/dev/riscv/freedom-e-sdk/bsp/sparkfun-redv/install/lib/release//libmetal.a(libriscv__mmachine__sparkfun-redv_a-uart.o)
                0x0000000020012eb6                metal_uart_putc
 .text.metal_uart_set_baud_rate
                0x0000000020012ebe        0x8 /home/kirk/dev/riscv/freedom-e-sdk/bsp/sparkfun-redv/install/lib/release//libmetal.a(libriscv__mmachine__sparkfun-redv_a-uart.o)
                0x0000000020012ebe                metal_uart_set_baud_rate
 *fill*         0x0000000020012ec6       0x3a 
 .text          0x0000000020012f00       0x80 /home/kirk/dev/riscv/freedom-e-sdk/bsp/sparkfun-redv/install/lib/release//libmetal.a(libriscv__mmachine__sparkfun-redv_a-vector.o)
                0x0000000020012f00                __metal_vector_table
 .text.__metal_driver_fixed_clock_get_rate_hz
                0x0000000020012f80       0x4c /home/kirk/dev/riscv/freedom-e-sdk/bsp/sparkfun-redv/install/lib/release//libmetal.a(libriscv__mmachine__sparkfun-redv_a-fixed-clock.o)
                0x0000000020012f80                __metal_driver_fixed_clock_get_rate_hz
 .text.__metal_driver_fixed_clock_set_rate_hz
                0x0000000020012fcc       0x4c /home/kirk/dev/riscv/freedom-e-sdk/bsp/sparkfun-redv/install/lib/release//libmetal.a(libriscv__mmachine__sparkfun-redv_a-fixed-clock.o)
                0x0000000020012fcc                __metal_driver_fixed_clock_set_rate_hz
 .text._close   0x0000000020013018       0x14 /home/kirk/dev/riscv/freedom-e-sdk/bsp/sparkfun-redv/install/lib/release//libmetal-gloss.a(sys_close.o)
                0x0000000020013018                _close
 .text._fstat   0x000000002001302c       0x14 /home/kirk/dev/riscv/freedom-e-sdk/bsp/sparkfun-redv/install/lib/release//libmetal-gloss.a(sys_fstat.o)
                0x000000002001302c                _fstat
 .text._isatty  0x0000000020013040        0x8 /home/kirk/dev/riscv/freedom-e-sdk/bsp/sparkfun-redv/install/lib/release//libmetal-gloss.a(sys_isatty.o)
                0x0000000020013040                _isatty
 .text._lseek   0x0000000020013048       0x14 /home/kirk/dev/riscv/freedom-e-sdk/bsp/sparkfun-redv/install/lib/release//libmetal-gloss.a(sys_lseek.o)
                0x0000000020013048                _lseek
 .text._read    0x000000002001305c       0x14 /home/kirk/dev/riscv/freedom-e-sdk/bsp/sparkfun-redv/install/lib/release//libmetal-gloss.a(sys_read.o)
                0x000000002001305c                _read
 .text._sbrk    0x0000000020013070       0x24 /home/kirk/dev/riscv/freedom-e-sdk/bsp/sparkfun-redv/install/lib/release//libmetal-gloss.a(sys_sbrk.o)
                0x0000000020013070                _sbrk
 .text._write   0x0000000020013094       0x3a /home/kirk/dev/riscv/freedom-e-sdk/bsp/sparkfun-redv/install/lib/release//libmetal-gloss.a(sys_write.o)
                0x0000000020013094                _write
 .text.atexit   0x00000000200130ce        0xa /home/kirk/dev/riscv/riscv64-unknown-elf-gcc-8.3.0-2019.08.0-x86_64-linux-ubuntu14/bin/../lib/gcc/riscv64-unknown-elf/8.3.0/../../../../riscv64-unknown-elf/lib/rv32imac/ilp32/libc_nano.a(lib_a-atexit.o)
                0x00000000200130ce                atexit
 .text.__errno  0x00000000200130d8        0xc /home/kirk/dev/riscv/riscv64-unknown-elf-gcc-8.3.0-2019.08.0-x86_64-linux-ubuntu14/bin/../lib/gcc/riscv64-unknown-elf/8.3.0/../../../../riscv64-unknown-elf/lib/rv32imac/ilp32/libc_nano.a(lib_a-errno.o)
                0x00000000200130d8                __errno
 .text.exit     0x00000000200130e4       0x2a /home/kirk/dev/riscv/riscv64-unknown-elf-gcc-8.3.0-2019.08.0-x86_64-linux-ubuntu14/bin/../lib/gcc/riscv64-unknown-elf/8.3.0/../../../../riscv64-unknown-elf/lib/rv32imac/ilp32/libc_nano.a(lib_a-exit.o)
                0x00000000200130e4                exit
 .text.__libc_fini_array
                0x000000002001310e       0x38 /home/kirk/dev/riscv/riscv64-unknown-elf-gcc-8.3.0-2019.08.0-x86_64-linux-ubuntu14/bin/../lib/gcc/riscv64-unknown-elf/8.3.0/../../../../riscv64-unknown-elf/lib/rv32imac/ilp32/libc_nano.a(lib_a-fini.o)
                0x000000002001310e                __libc_fini_array
 .text.__libc_init_array
                0x0000000020013146       0x6a /home/kirk/dev/riscv/riscv64-unknown-elf-gcc-8.3.0-2019.08.0-x86_64-linux-ubuntu14/bin/../lib/gcc/riscv64-unknown-elf/8.3.0/../../../../riscv64-unknown-elf/lib/rv32imac/ilp32/libc_nano.a(lib_a-init.o)
                0x0000000020013146                __libc_init_array
 .text.__register_exitproc
                0x00000000200131b0       0x88 /home/kirk/dev/riscv/riscv64-unknown-elf-gcc-8.3.0-2019.08.0-x86_64-linux-ubuntu14/bin/../lib/gcc/riscv64-unknown-elf/8.3.0/../../../../riscv64-unknown-elf/lib/rv32imac/ilp32/libc_nano.a(lib_a-__atexit.o)
                0x00000000200131b0                __register_exitproc
 .text.__call_exitprocs
                0x0000000020013238       0xc8 /home/kirk/dev/riscv/riscv64-unknown-elf-gcc-8.3.0-2019.08.0-x86_64-linux-ubuntu14/bin/../lib/gcc/riscv64-unknown-elf/8.3.0/../../../../riscv64-unknown-elf/lib/rv32imac/ilp32/libc_nano.a(lib_a-__call_atexit.o)
                0x0000000020013238                __call_exitprocs
 .text.metal_tty_putc_raw
                0x0000000020013300        0xe /home/kirk/dev/riscv/freedom-e-sdk/bsp/sparkfun-redv/install/lib/release//libmetal.a(libriscv__mmachine__sparkfun-redv_a-tty.o)
                0x0000000020013300                metal_tty_putc_raw
 .text.metal_tty_putc
                0x000000002001330e       0x1c /home/kirk/dev/riscv/freedom-e-sdk/bsp/sparkfun-redv/install/lib/release//libmetal.a(libriscv__mmachine__sparkfun-redv_a-tty.o)
                0x000000002001330e                metal_tty_putc
 .text._exit    0x000000002001332a        0x8 /home/kirk/dev/riscv/freedom-e-sdk/bsp/sparkfun-redv/install/lib/release//libmetal-gloss.a(sys_exit.o)
                0x000000002001332a                _exit
 *(.gnu.linkonce.t.*)
                [!provide]                        PROVIDE (__etext = .)
                [!provide]                        PROVIDE (_etext = .)
                [!provide]                        PROVIDE (etext = .)

.rodata         0x0000000020013334     0x12b4
 *(.rdata)
 *(.rodata .rodata.*)
 .rodata.display_banner.str1.4
                0x0000000020013334      0x755 /tmp/cc8Qkwxp.o
 *fill*         0x0000000020013a89        0x3 
 .rodata.main.str1.4
                0x0000000020013a8c       0xa0 /tmp/cc8Qkwxp.o
 .rodata.__sf_fake_stderr
                0x0000000020013b2c       0x20 /home/kirk/dev/riscv/riscv64-unknown-elf-gcc-8.3.0-2019.08.0-x86_64-linux-ubuntu14/bin/../lib/gcc/riscv64-unknown-elf/8.3.0/../../../../riscv64-unknown-elf/lib/rv32imac/ilp32/libc_nano.a(lib_a-findfp.o)
                0x0000000020013b2c                __sf_fake_stderr
 .rodata.__sf_fake_stdin
                0x0000000020013b4c       0x20 /home/kirk/dev/riscv/riscv64-unknown-elf-gcc-8.3.0-2019.08.0-x86_64-linux-ubuntu14/bin/../lib/gcc/riscv64-unknown-elf/8.3.0/../../../../riscv64-unknown-elf/lib/rv32imac/ilp32/libc_nano.a(lib_a-findfp.o)
                0x0000000020013b4c                __sf_fake_stdin
 .rodata.__sf_fake_stdout
                0x0000000020013b6c       0x20 /home/kirk/dev/riscv/riscv64-unknown-elf-gcc-8.3.0-2019.08.0-x86_64-linux-ubuntu14/bin/../lib/gcc/riscv64-unknown-elf/8.3.0/../../../../riscv64-unknown-elf/lib/rv32imac/ilp32/libc_nano.a(lib_a-findfp.o)
                0x0000000020013b6c                __sf_fake_stdout
 .rodata.__metal_driver_vtable_riscv_clint0
                0x0000000020013b8c       0x4c /home/kirk/dev/riscv/freedom-e-sdk/bsp/sparkfun-redv/install/lib/release//libmetal.a(libriscv__mmachine__sparkfun-redv_a-riscv_clint0.o)
                0x0000000020013b8c                __metal_driver_vtable_riscv_clint0
 .rodata.__metal_driver_vtable_cpu
                0x0000000020013bd8       0x40 /home/kirk/dev/riscv/freedom-e-sdk/bsp/sparkfun-redv/install/lib/release//libmetal.a(libriscv__mmachine__sparkfun-redv_a-riscv_cpu.o)
                0x0000000020013bd8                __metal_driver_vtable_cpu
 .rodata.__metal_driver_vtable_riscv_cpu_intc
                0x0000000020013c18       0x4c /home/kirk/dev/riscv/freedom-e-sdk/bsp/sparkfun-redv/install/lib/release//libmetal.a(libriscv__mmachine__sparkfun-redv_a-riscv_cpu.o)
                0x0000000020013c18                __metal_driver_vtable_riscv_cpu_intc
 .rodata.__metal_driver_vtable_riscv_plic0
                0x0000000020013c64       0x4c /home/kirk/dev/riscv/freedom-e-sdk/bsp/sparkfun-redv/install/lib/release//libmetal.a(libriscv__mmachine__sparkfun-redv_a-riscv_plic0.o)
                0x0000000020013c64                __metal_driver_vtable_riscv_plic0
 .rodata.__metal_driver_vtable_sifive_fe310_g000_pll
                0x0000000020013cb0        0xc /home/kirk/dev/riscv/freedom-e-sdk/bsp/sparkfun-redv/install/lib/release//libmetal.a(libriscv__mmachine__sparkfun-redv_a-sifive_fe310-g000_pll.o)
                0x0000000020013cb0                __metal_driver_vtable_sifive_fe310_g000_pll
 .rodata.pll_configs
                0x0000000020013cbc      0x880 /home/kirk/dev/riscv/freedom-e-sdk/bsp/sparkfun-redv/install/lib/release//libmetal.a(libriscv__mmachine__sparkfun-redv_a-sifive_fe310-g000_pll.o)
 .rodata.__metal_driver_sifive_gpio0_config_int
                0x000000002001453c       0x20 /home/kirk/dev/riscv/freedom-e-sdk/bsp/sparkfun-redv/install/lib/release//libmetal.a(libriscv__mmachine__sparkfun-redv_a-sifive_gpio0.o)
 .rodata.__metal_driver_sifive_gpio0_clear_int
                0x000000002001455c       0x1c /home/kirk/dev/riscv/freedom-e-sdk/bsp/sparkfun-redv/install/lib/release//libmetal.a(libriscv__mmachine__sparkfun-redv_a-sifive_gpio0.o)
 .rodata.__metal_driver_vtable_sifive_gpio0
                0x0000000020014578       0x3c /home/kirk/dev/riscv/freedom-e-sdk/bsp/sparkfun-redv/install/lib/release//libmetal.a(libriscv__mmachine__sparkfun-redv_a-sifive_gpio0.o)
                0x0000000020014578                __metal_driver_vtable_sifive_gpio0
 .rodata.__metal_driver_vtable_sifive_uart0
                0x00000000200145b4       0x20 /home/kirk/dev/riscv/freedom-e-sdk/bsp/sparkfun-redv/install/lib/release//libmetal.a(libriscv__mmachine__sparkfun-redv_a-sifive_uart0.o)
                0x00000000200145b4                __metal_driver_vtable_sifive_uart0
 .rodata.libgloss.start
                0x00000000200145d4       0x11 /home/kirk/dev/riscv/freedom-e-sdk/bsp/sparkfun-redv/install/lib/release//libmetal-gloss.a(crt0.o)
 *(.gnu.linkonce.r.*)
                0x00000000200145e8                . = ALIGN (0x8)
 *fill*         0x00000000200145e5        0x3 
 *(.srodata.cst16)
 *(.srodata.cst8)
 *(.srodata.cst4)
 *(.srodata.cst2)
 *(.srodata .srodata.*)

.rela.dyn       0x00000000200145e8        0x0
 .rela.text.timer_isr
                0x00000000200145e8        0x0 /tmp/cc8Qkwxp.o
 .rela.text.wait_for_timer
                0x00000000200145e8        0x0 /tmp/cc8Qkwxp.o
 .rela.text.startup.main
                0x00000000200145e8        0x0 /tmp/cc8Qkwxp.o
 .rela.text._sbrk_r
                0x00000000200145e8        0x0 /tmp/cc8Qkwxp.o
 .rela.text._write_r
                0x00000000200145e8        0x0 /tmp/cc8Qkwxp.o
 .rela.text._close_r
                0x00000000200145e8        0x0 /tmp/cc8Qkwxp.o
 .rela.text._fstat_r
                0x00000000200145e8        0x0 /tmp/cc8Qkwxp.o
 .rela.text._isatty_r
                0x00000000200145e8        0x0 /tmp/cc8Qkwxp.o
 .rela.text._lseek_r
                0x00000000200145e8        0x0 /tmp/cc8Qkwxp.o
 .rela.text._read_r
                0x00000000200145e8        0x0 /tmp/cc8Qkwxp.o
 .rela.text.metal.init.enter
                0x00000000200145e8        0x0 /tmp/cc8Qkwxp.o
 .rela.text     0x00000000200145e8        0x0 /tmp/cc8Qkwxp.o
 .rela.text.libgloss.start
                0x00000000200145e8        0x0 /tmp/cc8Qkwxp.o
 .rela.text._sbrk
                0x00000000200145e8        0x0 /tmp/cc8Qkwxp.o
 .rela.sdata.brk
                0x00000000200145e8        0x0 /tmp/cc8Qkwxp.o
 .rela.text.__libc_fini_array
                0x00000000200145e8        0x0 /tmp/cc8Qkwxp.o
 .rela.text.__libc_init_array
                0x00000000200145e8        0x0 /tmp/cc8Qkwxp.o
 .rela.text.__register_exitproc
                0x00000000200145e8        0x0 /tmp/cc8Qkwxp.o
                0x00000000200145e8                . = ALIGN (0x8)

.preinit_array  0x00000000200145e8        0x0
                0x00000000200145e8                PROVIDE (__preinit_array_start = .)
 *(.preinit_array)
                0x00000000200145e8                PROVIDE (__preinit_array_end = .)

.init_array     0x00000000200145e8        0xc
                0x00000000200145e8                PROVIDE (__init_array_start = .)
 *(SORT_BY_INIT_PRIORITY(.init_array.*) SORT_BY_INIT_PRIORITY(.ctors.*))
 *(.init_array EXCLUDE_FILE(*crtend?.o *crtend.o *crtbegin?.o *crtbegin.o) .ctors)
 .init_array    0x00000000200145e8        0x8 /home/kirk/dev/riscv/freedom-e-sdk/bsp/sparkfun-redv/install/lib/release//libmetal.a(libriscv__mmachine__sparkfun-redv_a-sifive_fe310-g000_pll.o)
 .init_array    0x00000000200145f0        0x4 /home/kirk/dev/riscv/freedom-e-sdk/bsp/sparkfun-redv/install/lib/release//libmetal.a(libriscv__mmachine__sparkfun-redv_a-tty.o)
                0x00000000200145f4                PROVIDE (__init_array_end = .)

.fini_array     0x00000000200145f4        0x0
                0x00000000200145f4                PROVIDE (__fini_array_start = .)
 *(SORT_BY_INIT_PRIORITY(.fini_array.*) SORT_BY_INIT_PRIORITY(.dtors.*))
 *(.fini_array EXCLUDE_FILE(*crtend?.o *crtend.o *crtbegin?.o *crtbegin.o) .dtors)
                0x00000000200145f4                PROVIDE (__fini_array_end = .)

.ctors
 *crtbegin.o(.ctors)
 *crtbegin?.o(.ctors)
 *(EXCLUDE_FILE(*crtend?.o *crtend.o) .ctors)
 *(SORT_BY_NAME(.ctors.*))
 *(.ctors)

.dtors
 *crtbegin.o(.dtors)
 *crtbegin?.o(.dtors)
 *(EXCLUDE_FILE(*crtend?.o *crtend.o) .dtors)
 *(SORT_BY_NAME(.dtors.*))
 *(.dtors)

.itim           0x0000000008000000        0x0 load address 0x00000000200145f8
 *(.itim .itim.*)
                0x00000000200145f8                PROVIDE (metal_segment_itim_source_start = LOADADDR (.itim))
                0x0000000008000000                PROVIDE (metal_segment_itim_target_start = ADDR (.itim))
                0x0000000008000000                PROVIDE (metal_segment_itim_target_end = (ADDR (.itim) + SIZEOF (.itim)))

.data           0x0000000080000000      0xad8 load address 0x00000000200145f8
 *(.data .data.*)
 .data.impure_data
                0x0000000080000000       0x60 /home/kirk/dev/riscv/riscv64-unknown-elf-gcc-8.3.0-2019.08.0-x86_64-linux-ubuntu14/bin/../lib/gcc/riscv64-unknown-elf/8.3.0/../../../../riscv64-unknown-elf/lib/rv32imac/ilp32/libc_nano.a(lib_a-impure.o)
 .data.__metal_dt_clock_0
                0x0000000080000060        0xc /home/kirk/dev/riscv/freedom-e-sdk/bsp/sparkfun-redv/install/lib/release//libmetal.a(libriscv__mmachine__sparkfun-redv_a-inline.o)
                0x0000000080000060                __metal_dt_clock_0
 .data.__metal_dt_clock_1
                0x000000008000006c        0xc /home/kirk/dev/riscv/freedom-e-sdk/bsp/sparkfun-redv/install/lib/release//libmetal.a(libriscv__mmachine__sparkfun-redv_a-inline.o)
                0x000000008000006c                __metal_dt_clock_1
 .data.__metal_dt_clock_2
                0x0000000080000078        0xc /home/kirk/dev/riscv/freedom-e-sdk/bsp/sparkfun-redv/install/lib/release//libmetal.a(libriscv__mmachine__sparkfun-redv_a-inline.o)
                0x0000000080000078                __metal_dt_clock_2
 .data.__metal_dt_clock_3
                0x0000000080000084        0xc /home/kirk/dev/riscv/freedom-e-sdk/bsp/sparkfun-redv/install/lib/release//libmetal.a(libriscv__mmachine__sparkfun-redv_a-inline.o)
                0x0000000080000084                __metal_dt_clock_3
 .data.__metal_dt_clock_4
                0x0000000080000090        0xc /home/kirk/dev/riscv/freedom-e-sdk/bsp/sparkfun-redv/install/lib/release//libmetal.a(libriscv__mmachine__sparkfun-redv_a-inline.o)
                0x0000000080000090                __metal_dt_clock_4
 .data.__metal_dt_clock_5
                0x000000008000009c        0xc /home/kirk/dev/riscv/freedom-e-sdk/bsp/sparkfun-redv/install/lib/release//libmetal.a(libriscv__mmachine__sparkfun-redv_a-inline.o)
                0x000000008000009c                __metal_dt_clock_5
 .data.__metal_dt_clock_6
                0x00000000800000a8        0xc /home/kirk/dev/riscv/freedom-e-sdk/bsp/sparkfun-redv/install/lib/release//libmetal.a(libriscv__mmachine__sparkfun-redv_a-inline.o)
                0x00000000800000a8                __metal_dt_clock_6
 *fill*         0x00000000800000b4        0x4 
 .data.__metal_dt_cpu_0_interrupt_controller
                0x00000000800000b8      0x3b8 /home/kirk/dev/riscv/freedom-e-sdk/bsp/sparkfun-redv/install/lib/release//libmetal.a(libriscv__mmachine__sparkfun-redv_a-inline.o)
                0x00000000800000b8                __metal_dt_cpu_0_interrupt_controller
 .data.__metal_dt_interrupt_controller_c000000
                0x0000000080000470      0x5d8 /home/kirk/dev/riscv/freedom-e-sdk/bsp/sparkfun-redv/install/lib/release//libmetal.a(libriscv__mmachine__sparkfun-redv_a-inline.o)
                0x0000000080000470                __metal_dt_interrupt_controller_c000000
 .data.__metal_dt_serial_10013000
                0x0000000080000a48       0x20 /home/kirk/dev/riscv/freedom-e-sdk/bsp/sparkfun-redv/install/lib/release//libmetal.a(libriscv__mmachine__sparkfun-redv_a-inline.o)
                0x0000000080000a48                __metal_dt_serial_10013000
 .data.__metal_dt_serial_10023000
                0x0000000080000a68       0x20 /home/kirk/dev/riscv/freedom-e-sdk/bsp/sparkfun-redv/install/lib/release//libmetal.a(libriscv__mmachine__sparkfun-redv_a-inline.o)
                0x0000000080000a68                __metal_dt_serial_10023000
 *(.gnu.linkonce.d.*)
                0x0000000080000a88                . = ALIGN (0x8)
                0x0000000080001288                PROVIDE (__global_pointer$ = (. + 0x800))
 *(.sdata .sdata.* .sdata2.*)
 .sdata._impure_ptr
                0x0000000080000a88        0x4 /home/kirk/dev/riscv/riscv64-unknown-elf-gcc-8.3.0-2019.08.0-x86_64-linux-ubuntu14/bin/../lib/gcc/riscv64-unknown-elf/8.3.0/../../../../riscv64-unknown-elf/lib/rv32imac/ilp32/libc_nano.a(lib_a-impure.o)
                0x0000000080000a88                _impure_ptr
 .sdata2._global_impure_ptr
                0x0000000080000a8c        0x4 /home/kirk/dev/riscv/riscv64-unknown-elf-gcc-8.3.0-2019.08.0-x86_64-linux-ubuntu14/bin/../lib/gcc/riscv64-unknown-elf/8.3.0/../../../../riscv64-unknown-elf/lib/rv32imac/ilp32/libc_nano.a(lib_a-impure.o)
                0x0000000080000a8c                _global_impure_ptr
 .sdata.__metal_cpu_table
                0x0000000080000a90        0x4 /home/kirk/dev/riscv/freedom-e-sdk/bsp/sparkfun-redv/install/lib/release//libmetal.a(libriscv__mmachine__sparkfun-redv_a-cpu.o)
                0x0000000080000a90                __metal_cpu_table
 .sdata.__metal_gpio_table
                0x0000000080000a94        0x4 /home/kirk/dev/riscv/freedom-e-sdk/bsp/sparkfun-redv/install/lib/release//libmetal.a(libriscv__mmachine__sparkfun-redv_a-gpio.o)
 .sdata.__metal_dt_clint_2000000
                0x0000000080000a98        0x8 /home/kirk/dev/riscv/freedom-e-sdk/bsp/sparkfun-redv/install/lib/release//libmetal.a(libriscv__mmachine__sparkfun-redv_a-inline.o)
                0x0000000080000a98                __metal_dt_clint_2000000
 .sdata.__metal_dt_cpu_0
                0x0000000080000aa0        0x4 /home/kirk/dev/riscv/freedom-e-sdk/bsp/sparkfun-redv/install/lib/release//libmetal.a(libriscv__mmachine__sparkfun-redv_a-inline.o)
                0x0000000080000aa0                __metal_dt_cpu_0
 .sdata.__metal_dt_gpio_10012000
                0x0000000080000aa4        0x4 /home/kirk/dev/riscv/freedom-e-sdk/bsp/sparkfun-redv/install/lib/release//libmetal.a(libriscv__mmachine__sparkfun-redv_a-inline.o)
                0x0000000080000aa4                __metal_dt_gpio_10012000
 .sdata.__metal_dt_prci_10008000
                0x0000000080000aa8        0x4 /home/kirk/dev/riscv/freedom-e-sdk/bsp/sparkfun-redv/install/lib/release//libmetal.a(libriscv__mmachine__sparkfun-redv_a-inline.o)
                0x0000000080000aa8                __metal_dt_prci_10008000
 .sdata.__metal_cpu_table
                0x0000000080000aac        0x4 /home/kirk/dev/riscv/freedom-e-sdk/bsp/sparkfun-redv/install/lib/release//libmetal.a(libriscv__mmachine__sparkfun-redv_a-riscv_cpu.o)
 .sdata2.CSWTCH.15
                0x0000000080000ab0        0x3 /home/kirk/dev/riscv/freedom-e-sdk/bsp/sparkfun-redv/install/lib/release//libmetal.a(libriscv__mmachine__sparkfun-redv_a-riscv_cpu.o)
 *fill*         0x0000000080000ab3        0x1 
 .sdata2.__metal_driver_vtable_sifive_fe310_g000_hfrosc
                0x0000000080000ab4        0x8 /home/kirk/dev/riscv/freedom-e-sdk/bsp/sparkfun-redv/install/lib/release//libmetal.a(libriscv__mmachine__sparkfun-redv_a-sifive_fe310-g000_hfrosc.o)
                0x0000000080000ab4                __metal_driver_vtable_sifive_fe310_g000_hfrosc
 .sdata2.__metal_driver_vtable_sifive_fe310_g000_hfxosc
                0x0000000080000abc        0x8 /home/kirk/dev/riscv/freedom-e-sdk/bsp/sparkfun-redv/install/lib/release//libmetal.a(libriscv__mmachine__sparkfun-redv_a-sifive_fe310-g000_hfxosc.o)
                0x0000000080000abc                __metal_driver_vtable_sifive_fe310_g000_hfxosc
 .sdata2.__metal_driver_vtable_sifive_fe310_g000_prci
                0x0000000080000ac4        0x8 /home/kirk/dev/riscv/freedom-e-sdk/bsp/sparkfun-redv/install/lib/release//libmetal.a(libriscv__mmachine__sparkfun-redv_a-sifive_fe310-g000_prci.o)
                0x0000000080000ac4                __metal_driver_vtable_sifive_fe310_g000_prci
 .sdata2.__metal_driver_vtable_fixed_clock
                0x0000000080000acc        0x8 /home/kirk/dev/riscv/freedom-e-sdk/bsp/sparkfun-redv/install/lib/release//libmetal.a(libriscv__mmachine__sparkfun-redv_a-fixed-clock.o)
                0x0000000080000acc                __metal_driver_vtable_fixed_clock
 .sdata.brk     0x0000000080000ad4        0x4 /home/kirk/dev/riscv/freedom-e-sdk/bsp/sparkfun-redv/install/lib/release//libmetal-gloss.a(sys_sbrk.o)
 *(.gnu.linkonce.s.*)
                0x0000000080000ad8                . = ALIGN (0x8)
 *(.srodata.cst16)
 *(.srodata.cst8)
 *(.srodata.cst4)
 *(.srodata.cst2)
 *(.srodata .srodata.*)
                0x0000000080000ad8                . = ALIGN (0x8)
 *(.rdata)
 *(.rodata .rodata.*)
 *(.gnu.linkonce.r.*)
                0x00000000200145f8                PROVIDE (metal_segment_data_source_start = LOADADDR (.data))
                0x0000000080000000                PROVIDE (metal_segment_data_target_start = ADDR (.data))
                0x0000000080000ad8                PROVIDE (metal_segment_data_target_end = (ADDR (.data) + SIZEOF (.data)))

.bss            0x0000000080000ad8       0xb0
 *(.sbss*)
 .sbss.__malloc_free_list
                0x0000000080000ad8        0x4 /home/kirk/dev/riscv/riscv64-unknown-elf-gcc-8.3.0-2019.08.0-x86_64-linux-ubuntu14/bin/../lib/gcc/riscv64-unknown-elf/8.3.0/../../../../riscv64-unknown-elf/lib/rv32imac/ilp32/libc_nano.a(lib_a-nano-mallocr.o)
                0x0000000080000ad8                __malloc_free_list
 .sbss.__malloc_sbrk_start
                0x0000000080000adc        0x4 /home/kirk/dev/riscv/riscv64-unknown-elf-gcc-8.3.0-2019.08.0-x86_64-linux-ubuntu14/bin/../lib/gcc/riscv64-unknown-elf/8.3.0/../../../../riscv64-unknown-elf/lib/rv32imac/ilp32/libc_nano.a(lib_a-nano-mallocr.o)
                0x0000000080000adc                __malloc_sbrk_start
 .sbss._global_atexit
                0x0000000080000ae0        0x4 /home/kirk/dev/riscv/riscv64-unknown-elf-gcc-8.3.0-2019.08.0-x86_64-linux-ubuntu14/bin/../lib/gcc/riscv64-unknown-elf/8.3.0/../../../../riscv64-unknown-elf/lib/rv32imac/ilp32/libc_nano.a(lib_a-__call_atexit.o)
                0x0000000080000ae0                _global_atexit
 *(.gnu.linkonce.sb.*)
 *(.bss .bss.*)
 .bss._global_atexit0
                0x0000000080000ae4       0x8c /home/kirk/dev/riscv/riscv64-unknown-elf-gcc-8.3.0-2019.08.0-x86_64-linux-ubuntu14/bin/../lib/gcc/riscv64-unknown-elf/8.3.0/../../../../riscv64-unknown-elf/lib/rv32imac/ilp32/libc_nano.a(lib_a-__atexit.o)
 *(.gnu.linkonce.b.*)
 *(COMMON)
 COMMON         0x0000000080000b70       0x14 /tmp/cc8Qkwxp.o
                0x0000000080000b70                tmr_intr
                0x0000000080000b74                cpu_intr
                0x0000000080000b78                cpu0
                0x0000000080000b7c                timer_isr_flag
                0x0000000080000b80                tmr_id
 COMMON         0x0000000080000b84        0x4 /home/kirk/dev/riscv/riscv64-unknown-elf-gcc-8.3.0-2019.08.0-x86_64-linux-ubuntu14/bin/../lib/gcc/riscv64-unknown-elf/8.3.0/../../../../riscv64-unknown-elf/lib/rv32imac/ilp32/libc_nano.a(lib_a-reent.o)
                0x0000000080000b84                errno
                0x0000000080000ad8                PROVIDE (metal_segment_bss_target_start = ADDR (.bss))
                0x0000000080000b88                PROVIDE (metal_segment_bss_target_end = (ADDR (.bss) + SIZEOF (.bss)))

.stack          0x0000000080000b88      0x400
                [!provide]                        PROVIDE (metal_segment_stack_begin = .)
                0x0000000080000f88                . = (. + __stack_size)
 *fill*         0x0000000080000b88      0x400 
                0x0000000080000f88                PROVIDE (_sp = .)
                [!provide]                        PROVIDE (metal_segment_stack_end = .)

.heap           0x0000000080000f88      0x800
                0x0000000080000f88                PROVIDE (metal_segment_heap_target_start = .)
                0x0000000000000800                . = __heap_size
 *fill*         0x0000000080000f88      0x800 
                0x0000000080001788                PROVIDE (metal_segment_heap_target_end = .)
                [!provide]                        PROVIDE (_heap_end = .)
OUTPUT(sparkfun-welcome elf32-littleriscv)

.comment        0x0000000000000000       0x28
 .comment       0x0000000000000000       0x28 /tmp/cc8Qkwxp.o
                                         0x29 (size before relaxing)
 .comment       0x0000000000000028       0x29 /home/kirk/dev/riscv/riscv64-unknown-elf-gcc-8.3.0-2019.08.0-x86_64-linux-ubuntu14/bin/../lib/gcc/riscv64-unknown-elf/8.3.0/../../../../riscv64-unknown-elf/lib/rv32imac/ilp32/libc_nano.a(lib_a-putchar.o)
 .comment       0x0000000000000028       0x29 /home/kirk/dev/riscv/riscv64-unknown-elf-gcc-8.3.0-2019.08.0-x86_64-linux-ubuntu14/bin/../lib/gcc/riscv64-unknown-elf/8.3.0/../../../../riscv64-unknown-elf/lib/rv32imac/ilp32/libc_nano.a(lib_a-putc.o)
 .comment       0x0000000000000028       0x29 /home/kirk/dev/riscv/riscv64-unknown-elf-gcc-8.3.0-2019.08.0-x86_64-linux-ubuntu14/bin/../lib/gcc/riscv64-unknown-elf/8.3.0/../../../../riscv64-unknown-elf/lib/rv32imac/ilp32/libc_nano.a(lib_a-puts.o)
 .comment       0x0000000000000028       0x29 /home/kirk/dev/riscv/riscv64-unknown-elf-gcc-8.3.0-2019.08.0-x86_64-linux-ubuntu14/bin/../lib/gcc/riscv64-unknown-elf/8.3.0/../../../../riscv64-unknown-elf/lib/rv32imac/ilp32/libc_nano.a(lib_a-wbuf.o)
 .comment       0x0000000000000028       0x29 /home/kirk/dev/riscv/riscv64-unknown-elf-gcc-8.3.0-2019.08.0-x86_64-linux-ubuntu14/bin/../lib/gcc/riscv64-unknown-elf/8.3.0/../../../../riscv64-unknown-elf/lib/rv32imac/ilp32/libc_nano.a(lib_a-wsetup.o)
 .comment       0x0000000000000028       0x29 /home/kirk/dev/riscv/riscv64-unknown-elf-gcc-8.3.0-2019.08.0-x86_64-linux-ubuntu14/bin/../lib/gcc/riscv64-unknown-elf/8.3.0/../../../../riscv64-unknown-elf/lib/rv32imac/ilp32/libc_nano.a(lib_a-fflush.o)
 .comment       0x0000000000000028       0x29 /home/kirk/dev/riscv/riscv64-unknown-elf-gcc-8.3.0-2019.08.0-x86_64-linux-ubuntu14/bin/../lib/gcc/riscv64-unknown-elf/8.3.0/../../../../riscv64-unknown-elf/lib/rv32imac/ilp32/libc_nano.a(lib_a-findfp.o)
 .comment       0x0000000000000028       0x29 /home/kirk/dev/riscv/riscv64-unknown-elf-gcc-8.3.0-2019.08.0-x86_64-linux-ubuntu14/bin/../lib/gcc/riscv64-unknown-elf/8.3.0/../../../../riscv64-unknown-elf/lib/rv32imac/ilp32/libc_nano.a(lib_a-fwalk.o)
 .comment       0x0000000000000028       0x29 /home/kirk/dev/riscv/riscv64-unknown-elf-gcc-8.3.0-2019.08.0-x86_64-linux-ubuntu14/bin/../lib/gcc/riscv64-unknown-elf/8.3.0/../../../../riscv64-unknown-elf/lib/rv32imac/ilp32/libc_nano.a(lib_a-impure.o)
 .comment       0x0000000000000028       0x29 /home/kirk/dev/riscv/riscv64-unknown-elf-gcc-8.3.0-2019.08.0-x86_64-linux-ubuntu14/bin/../lib/gcc/riscv64-unknown-elf/8.3.0/../../../../riscv64-unknown-elf/lib/rv32imac/ilp32/libc_nano.a(lib_a-makebuf.o)
 .comment       0x0000000000000028       0x29 /home/kirk/dev/riscv/riscv64-unknown-elf-gcc-8.3.0-2019.08.0-x86_64-linux-ubuntu14/bin/../lib/gcc/riscv64-unknown-elf/8.3.0/../../../../riscv64-unknown-elf/lib/rv32imac/ilp32/libc_nano.a(lib_a-nano-freer.o)
 .comment       0x0000000000000028       0x29 /home/kirk/dev/riscv/riscv64-unknown-elf-gcc-8.3.0-2019.08.0-x86_64-linux-ubuntu14/bin/../lib/gcc/riscv64-unknown-elf/8.3.0/../../../../riscv64-unknown-elf/lib/rv32imac/ilp32/libc_nano.a(lib_a-nano-mallocr.o)
 .comment       0x0000000000000028       0x29 /home/kirk/dev/riscv/riscv64-unknown-elf-gcc-8.3.0-2019.08.0-x86_64-linux-ubuntu14/bin/../lib/gcc/riscv64-unknown-elf/8.3.0/../../../../riscv64-unknown-elf/lib/rv32imac/ilp32/libc_nano.a(lib_a-sbrkr.o)
 .comment       0x0000000000000028       0x29 /home/kirk/dev/riscv/riscv64-unknown-elf-gcc-8.3.0-2019.08.0-x86_64-linux-ubuntu14/bin/../lib/gcc/riscv64-unknown-elf/8.3.0/../../../../riscv64-unknown-elf/lib/rv32imac/ilp32/libc_nano.a(lib_a-stdio.o)
 .comment       0x0000000000000028       0x29 /home/kirk/dev/riscv/riscv64-unknown-elf-gcc-8.3.0-2019.08.0-x86_64-linux-ubuntu14/bin/../lib/gcc/riscv64-unknown-elf/8.3.0/../../../../riscv64-unknown-elf/lib/rv32imac/ilp32/libc_nano.a(lib_a-writer.o)
 .comment       0x0000000000000028       0x29 /home/kirk/dev/riscv/riscv64-unknown-elf-gcc-8.3.0-2019.08.0-x86_64-linux-ubuntu14/bin/../lib/gcc/riscv64-unknown-elf/8.3.0/../../../../riscv64-unknown-elf/lib/rv32imac/ilp32/libc_nano.a(lib_a-closer.o)
 .comment       0x0000000000000028       0x29 /home/kirk/dev/riscv/riscv64-unknown-elf-gcc-8.3.0-2019.08.0-x86_64-linux-ubuntu14/bin/../lib/gcc/riscv64-unknown-elf/8.3.0/../../../../riscv64-unknown-elf/lib/rv32imac/ilp32/libc_nano.a(lib_a-fstatr.o)
 .comment       0x0000000000000028       0x29 /home/kirk/dev/riscv/riscv64-unknown-elf-gcc-8.3.0-2019.08.0-x86_64-linux-ubuntu14/bin/../lib/gcc/riscv64-unknown-elf/8.3.0/../../../../riscv64-unknown-elf/lib/rv32imac/ilp32/libc_nano.a(lib_a-isattyr.o)
 .comment       0x0000000000000028       0x29 /home/kirk/dev/riscv/riscv64-unknown-elf-gcc-8.3.0-2019.08.0-x86_64-linux-ubuntu14/bin/../lib/gcc/riscv64-unknown-elf/8.3.0/../../../../riscv64-unknown-elf/lib/rv32imac/ilp32/libc_nano.a(lib_a-lseekr.o)
 .comment       0x0000000000000028       0x29 /home/kirk/dev/riscv/riscv64-unknown-elf-gcc-8.3.0-2019.08.0-x86_64-linux-ubuntu14/bin/../lib/gcc/riscv64-unknown-elf/8.3.0/../../../../riscv64-unknown-elf/lib/rv32imac/ilp32/libc_nano.a(lib_a-mlock.o)
 .comment       0x0000000000000028       0x29 /home/kirk/dev/riscv/riscv64-unknown-elf-gcc-8.3.0-2019.08.0-x86_64-linux-ubuntu14/bin/../lib/gcc/riscv64-unknown-elf/8.3.0/../../../../riscv64-unknown-elf/lib/rv32imac/ilp32/libc_nano.a(lib_a-readr.o)
 .comment       0x0000000000000028       0x29 /home/kirk/dev/riscv/riscv64-unknown-elf-gcc-8.3.0-2019.08.0-x86_64-linux-ubuntu14/bin/../lib/gcc/riscv64-unknown-elf/8.3.0/../../../../riscv64-unknown-elf/lib/rv32imac/ilp32/libc_nano.a(lib_a-reent.o)
 .comment       0x0000000000000028       0x29 /home/kirk/dev/riscv/freedom-e-sdk/bsp/sparkfun-redv/install/lib/release//libmetal.a(libriscv__mmachine__sparkfun-redv_a-cpu.o)
 .comment       0x0000000000000028       0x29 /home/kirk/dev/riscv/freedom-e-sdk/bsp/sparkfun-redv/install/lib/release//libmetal.a(libriscv__mmachine__sparkfun-redv_a-gpio.o)
 .comment       0x0000000000000028       0x29 /home/kirk/dev/riscv/freedom-e-sdk/bsp/sparkfun-redv/install/lib/release//libmetal.a(libriscv__mmachine__sparkfun-redv_a-interrupt.o)
 .comment       0x0000000000000028       0x29 /home/kirk/dev/riscv/freedom-e-sdk/bsp/sparkfun-redv/install/lib/release//libmetal.a(libriscv__mmachine__sparkfun-redv_a-inline.o)
 .comment       0x0000000000000028       0x29 /home/kirk/dev/riscv/freedom-e-sdk/bsp/sparkfun-redv/install/lib/release//libmetal.a(libriscv__mmachine__sparkfun-redv_a-riscv_clint0.o)
 .comment       0x0000000000000028       0x29 /home/kirk/dev/riscv/freedom-e-sdk/bsp/sparkfun-redv/install/lib/release//libmetal.a(libriscv__mmachine__sparkfun-redv_a-riscv_cpu.o)
 .comment       0x0000000000000028       0x29 /home/kirk/dev/riscv/freedom-e-sdk/bsp/sparkfun-redv/install/lib/release//libmetal.a(libriscv__mmachine__sparkfun-redv_a-riscv_plic0.o)
 .comment       0x0000000000000028       0x29 /home/kirk/dev/riscv/freedom-e-sdk/bsp/sparkfun-redv/install/lib/release//libmetal.a(libriscv__mmachine__sparkfun-redv_a-sifive_fe310-g000_hfrosc.o)
 .comment       0x0000000000000028       0x29 /home/kirk/dev/riscv/freedom-e-sdk/bsp/sparkfun-redv/install/lib/release//libmetal.a(libriscv__mmachine__sparkfun-redv_a-sifive_fe310-g000_hfxosc.o)
 .comment       0x0000000000000028       0x29 /home/kirk/dev/riscv/freedom-e-sdk/bsp/sparkfun-redv/install/lib/release//libmetal.a(libriscv__mmachine__sparkfun-redv_a-sifive_fe310-g000_pll.o)
 .comment       0x0000000000000028       0x29 /home/kirk/dev/riscv/freedom-e-sdk/bsp/sparkfun-redv/install/lib/release//libmetal.a(libriscv__mmachine__sparkfun-redv_a-sifive_fe310-g000_prci.o)
 .comment       0x0000000000000028       0x29 /home/kirk/dev/riscv/freedom-e-sdk/bsp/sparkfun-redv/install/lib/release//libmetal.a(libriscv__mmachine__sparkfun-redv_a-sifive_gpio0.o)
 .comment       0x0000000000000028       0x29 /home/kirk/dev/riscv/freedom-e-sdk/bsp/sparkfun-redv/install/lib/release//libmetal.a(libriscv__mmachine__sparkfun-redv_a-sifive_uart0.o)
 .comment       0x0000000000000028       0x29 /home/kirk/dev/riscv/freedom-e-sdk/bsp/sparkfun-redv/install/lib/release//libmetal.a(libriscv__mmachine__sparkfun-redv_a-clock.o)
 .comment       0x0000000000000028       0x29 /home/kirk/dev/riscv/freedom-e-sdk/bsp/sparkfun-redv/install/lib/release//libmetal.a(libriscv__mmachine__sparkfun-redv_a-shutdown.o)
 .comment       0x0000000000000028       0x29 /home/kirk/dev/riscv/freedom-e-sdk/bsp/sparkfun-redv/install/lib/release//libmetal.a(libriscv__mmachine__sparkfun-redv_a-uart.o)
 .comment       0x0000000000000028       0x29 /home/kirk/dev/riscv/freedom-e-sdk/bsp/sparkfun-redv/install/lib/release//libmetal.a(libriscv__mmachine__sparkfun-redv_a-fixed-clock.o)
 .comment       0x0000000000000028       0x29 /home/kirk/dev/riscv/freedom-e-sdk/bsp/sparkfun-redv/install/lib/release//libmetal-gloss.a(sys_close.o)
 .comment       0x0000000000000028       0x29 /home/kirk/dev/riscv/freedom-e-sdk/bsp/sparkfun-redv/install/lib/release//libmetal-gloss.a(sys_fstat.o)
 .comment       0x0000000000000028       0x29 /home/kirk/dev/riscv/freedom-e-sdk/bsp/sparkfun-redv/install/lib/release//libmetal-gloss.a(sys_isatty.o)
 .comment       0x0000000000000028       0x29 /home/kirk/dev/riscv/freedom-e-sdk/bsp/sparkfun-redv/install/lib/release//libmetal-gloss.a(sys_lseek.o)
 .comment       0x0000000000000028       0x29 /home/kirk/dev/riscv/freedom-e-sdk/bsp/sparkfun-redv/install/lib/release//libmetal-gloss.a(sys_read.o)
 .comment       0x0000000000000028       0x29 /home/kirk/dev/riscv/freedom-e-sdk/bsp/sparkfun-redv/install/lib/release//libmetal-gloss.a(sys_sbrk.o)
 .comment       0x0000000000000028       0x29 /home/kirk/dev/riscv/freedom-e-sdk/bsp/sparkfun-redv/install/lib/release//libmetal-gloss.a(sys_write.o)
 .comment       0x0000000000000028       0x29 /home/kirk/dev/riscv/riscv64-unknown-elf-gcc-8.3.0-2019.08.0-x86_64-linux-ubuntu14/bin/../lib/gcc/riscv64-unknown-elf/8.3.0/../../../../riscv64-unknown-elf/lib/rv32imac/ilp32/libc_nano.a(lib_a-atexit.o)
 .comment       0x0000000000000028       0x29 /home/kirk/dev/riscv/riscv64-unknown-elf-gcc-8.3.0-2019.08.0-x86_64-linux-ubuntu14/bin/../lib/gcc/riscv64-unknown-elf/8.3.0/../../../../riscv64-unknown-elf/lib/rv32imac/ilp32/libc_nano.a(lib_a-errno.o)
 .comment       0x0000000000000028       0x29 /home/kirk/dev/riscv/riscv64-unknown-elf-gcc-8.3.0-2019.08.0-x86_64-linux-ubuntu14/bin/../lib/gcc/riscv64-unknown-elf/8.3.0/../../../../riscv64-unknown-elf/lib/rv32imac/ilp32/libc_nano.a(lib_a-exit.o)
 .comment       0x0000000000000028       0x29 /home/kirk/dev/riscv/riscv64-unknown-elf-gcc-8.3.0-2019.08.0-x86_64-linux-ubuntu14/bin/../lib/gcc/riscv64-unknown-elf/8.3.0/../../../../riscv64-unknown-elf/lib/rv32imac/ilp32/libc_nano.a(lib_a-fini.o)
 .comment       0x0000000000000028       0x29 /home/kirk/dev/riscv/riscv64-unknown-elf-gcc-8.3.0-2019.08.0-x86_64-linux-ubuntu14/bin/../lib/gcc/riscv64-unknown-elf/8.3.0/../../../../riscv64-unknown-elf/lib/rv32imac/ilp32/libc_nano.a(lib_a-init.o)
 .comment       0x0000000000000028       0x29 /home/kirk/dev/riscv/riscv64-unknown-elf-gcc-8.3.0-2019.08.0-x86_64-linux-ubuntu14/bin/../lib/gcc/riscv64-unknown-elf/8.3.0/../../../../riscv64-unknown-elf/lib/rv32imac/ilp32/libc_nano.a(lib_a-__atexit.o)
 .comment       0x0000000000000028       0x29 /home/kirk/dev/riscv/riscv64-unknown-elf-gcc-8.3.0-2019.08.0-x86_64-linux-ubuntu14/bin/../lib/gcc/riscv64-unknown-elf/8.3.0/../../../../riscv64-unknown-elf/lib/rv32imac/ilp32/libc_nano.a(lib_a-__call_atexit.o)
 .comment       0x0000000000000028       0x29 /home/kirk/dev/riscv/freedom-e-sdk/bsp/sparkfun-redv/install/lib/release//libmetal.a(libriscv__mmachine__sparkfun-redv_a-synchronize_harts.o)
 .comment       0x0000000000000028       0x29 /home/kirk/dev/riscv/freedom-e-sdk/bsp/sparkfun-redv/install/lib/release//libmetal.a(libriscv__mmachine__sparkfun-redv_a-tty.o)
 .comment       0x0000000000000028       0x29 /home/kirk/dev/riscv/freedom-e-sdk/bsp/sparkfun-redv/install/lib/release//libmetal-gloss.a(sys_exit.o)

.riscv.attributes
                0x0000000000000000       0x2b
 .riscv.attributes
                0x0000000000000000       0x2b /tmp/cc8Qkwxp.o
 .riscv.attributes
                0x000000000000002b       0x2b /home/kirk/dev/riscv/riscv64-unknown-elf-gcc-8.3.0-2019.08.0-x86_64-linux-ubuntu14/bin/../lib/gcc/riscv64-unknown-elf/8.3.0/../../../../riscv64-unknown-elf/lib/rv32imac/ilp32/libc_nano.a(lib_a-putchar.o)
 .riscv.attributes
                0x0000000000000056       0x2b /home/kirk/dev/riscv/riscv64-unknown-elf-gcc-8.3.0-2019.08.0-x86_64-linux-ubuntu14/bin/../lib/gcc/riscv64-unknown-elf/8.3.0/../../../../riscv64-unknown-elf/lib/rv32imac/ilp32/libc_nano.a(lib_a-putc.o)
 .riscv.attributes